Archive member included to satisfy reference by file (symbol)

/opt/devkitpro/libgba/lib/libgba.a(fade.o)
                              PlayBoyScout.o (FadeToPalette)
/opt/devkitpro/libgba/lib/libgba.a(interrupt.o)
                              PlayBoyScout.o (irqInit)
/opt/devkitpro/libgba/lib/libgba.a(pcx.o)
                              PlayBoyScout.o (DecodePCX)
/opt/devkitpro/libgba/lib/libgba.a(BoyScout.o)
                              PlayBoyScout.o (BoyScoutInitialize)
/opt/devkitpro/libgba/lib/libgba.a(InterruptDispatcher.o)
                              /opt/devkitpro/libgba/lib/libgba.a(interrupt.o) (IntrMain)
/opt/devkitpro/devkitARM/lib/gcc/arm-none-eabi/7.1.0/thumb/libgcc.a(_divsi3.o)
                              /opt/devkitpro/libgba/lib/libgba.a(fade.o) (__aeabi_idiv)
/opt/devkitpro/devkitARM/lib/gcc/arm-none-eabi/7.1.0/thumb/libgcc.a(_dvmd_tls.o)
                              /opt/devkitpro/devkitARM/lib/gcc/arm-none-eabi/7.1.0/thumb/libgcc.a(_divsi3.o) (__aeabi_idiv0)
/opt/devkitpro/devkitARM/lib/gcc/arm-none-eabi/7.1.0/../../../../arm-none-eabi/lib/thumb/libg.a(lib_a-init.o)
                              /opt/devkitpro/devkitARM/lib/gcc/arm-none-eabi/7.1.0/../../../../arm-none-eabi/lib/thumb/gba_crt0.o (__libc_init_array)
/opt/devkitpro/devkitARM/lib/gcc/arm-none-eabi/7.1.0/../../../../arm-none-eabi/lib/thumb/libg.a(lib_a-malloc.o)
                              PlayBoyScout.o (malloc)
/opt/devkitpro/devkitARM/lib/gcc/arm-none-eabi/7.1.0/../../../../arm-none-eabi/lib/thumb/libg.a(lib_a-mallocr.o)
                              /opt/devkitpro/devkitARM/lib/gcc/arm-none-eabi/7.1.0/../../../../arm-none-eabi/lib/thumb/libg.a(lib_a-malloc.o) (_malloc_r)
/opt/devkitpro/devkitARM/lib/gcc/arm-none-eabi/7.1.0/../../../../arm-none-eabi/lib/thumb/libg.a(lib_a-memset.o)
                              /opt/devkitpro/libgba/lib/libgba.a(pcx.o) (memset)
/opt/devkitpro/devkitARM/lib/gcc/arm-none-eabi/7.1.0/../../../../arm-none-eabi/lib/thumb/libg.a(lib_a-mlock.o)
                              /opt/devkitpro/devkitARM/lib/gcc/arm-none-eabi/7.1.0/../../../../arm-none-eabi/lib/thumb/libg.a(lib_a-mallocr.o) (__malloc_lock)
/opt/devkitpro/devkitARM/lib/gcc/arm-none-eabi/7.1.0/../../../../arm-none-eabi/lib/thumb/libg.a(lib_a-freer.o)
                              /opt/devkitpro/devkitARM/lib/gcc/arm-none-eabi/7.1.0/../../../../arm-none-eabi/lib/thumb/libg.a(lib_a-malloc.o) (_free_r)
/opt/devkitpro/devkitARM/lib/gcc/arm-none-eabi/7.1.0/../../../../arm-none-eabi/lib/thumb/libsysbase.a(sbrk.o)
                              /opt/devkitpro/devkitARM/lib/gcc/arm-none-eabi/7.1.0/../../../../arm-none-eabi/lib/thumb/libg.a(lib_a-mallocr.o) (_sbrk_r)
/opt/devkitpro/devkitARM/lib/gcc/arm-none-eabi/7.1.0/../../../../arm-none-eabi/lib/thumb/libsysbase.a(malloc_vars.o)
                              /opt/devkitpro/devkitARM/lib/gcc/arm-none-eabi/7.1.0/../../../../arm-none-eabi/lib/thumb/libsysbase.a(sbrk.o) (fake_heap_start)
/opt/devkitpro/devkitARM/lib/gcc/arm-none-eabi/7.1.0/../../../../arm-none-eabi/lib/thumb/libsysbase.a(syscall_support.o)
                              /opt/devkitpro/devkitARM/lib/gcc/arm-none-eabi/7.1.0/../../../../arm-none-eabi/lib/thumb/libg.a(lib_a-mlock.o) (__libc_lock_acquire_recursive)
/opt/devkitpro/devkitARM/lib/gcc/arm-none-eabi/7.1.0/../../../../arm-none-eabi/lib/thumb/libsysbase.a(getreent.o)
                              /opt/devkitpro/devkitARM/lib/gcc/arm-none-eabi/7.1.0/../../../../arm-none-eabi/lib/thumb/libg.a(lib_a-malloc.o) (__getreent)
/opt/devkitpro/devkitARM/lib/gcc/arm-none-eabi/7.1.0/../../../../arm-none-eabi/lib/thumb/libg.a(lib_a-impure.o)
                              /opt/devkitpro/devkitARM/lib/gcc/arm-none-eabi/7.1.0/../../../../arm-none-eabi/lib/thumb/libsysbase.a(getreent.o) (_impure_ptr)

Allocating common symbols
Common symbol       size              file

g_nBeatLength       0x1               /opt/devkitpro/libgba/lib/libgba.a(BoyScout.o)
g_iPlayPosition     0x4               /opt/devkitpro/libgba/lib/libgba.a(BoyScout.o)
g_nSequencerBeatsPerRow
                    0x1               /opt/devkitpro/libgba/lib/libgba.a(BoyScout.o)
IntrTable           0x78              /opt/devkitpro/libgba/lib/libgba.a(interrupt.o)
g_nMuteChannel4     0x4               /opt/devkitpro/libgba/lib/libgba.a(BoyScout.o)
g_pSound2Patterns   0x4               /opt/devkitpro/libgba/lib/libgba.a(BoyScout.o)
g_aRLESound4        0x54              /opt/devkitpro/libgba/lib/libgba.a(BoyScout.o)
g_aRLESound1        0x54              /opt/devkitpro/libgba/lib/libgba.a(BoyScout.o)
g_cSound3Patterns   0x1               /opt/devkitpro/libgba/lib/libgba.a(BoyScout.o)
g_anSound1Params    0xe               /opt/devkitpro/libgba/lib/libgba.a(BoyScout.o)
g_nPlayState        0x1               /opt/devkitpro/libgba/lib/libgba.a(BoyScout.o)
g_cSound1Patterns   0x1               /opt/devkitpro/libgba/lib/libgba.a(BoyScout.o)
g_cSound2Patterns   0x1               /opt/devkitpro/libgba/lib/libgba.a(BoyScout.o)
g_aiPlayPatternPositions
                    0x10              /opt/devkitpro/libgba/lib/libgba.a(BoyScout.o)
g_pSound1Patterns   0x4               /opt/devkitpro/libgba/lib/libgba.a(BoyScout.o)
g_iTickCounter      0x4               /opt/devkitpro/libgba/lib/libgba.a(BoyScout.o)
g_anSound2Params    0xa               /opt/devkitpro/libgba/lib/libgba.a(BoyScout.o)
g_nMuteChannel1     0x4               /opt/devkitpro/libgba/lib/libgba.a(BoyScout.o)
g_nMuteChannel3     0x4               /opt/devkitpro/libgba/lib/libgba.a(BoyScout.o)
g_cSound3WaveForms  0x1               /opt/devkitpro/libgba/lib/libgba.a(BoyScout.o)
g_iBeatsPerRowCounter
                    0x4               /opt/devkitpro/libgba/lib/libgba.a(BoyScout.o)
Buf                 0xf0              /opt/devkitpro/libgba/lib/libgba.a(pcx.o)
g_apSequencerParams
                    0x10              /opt/devkitpro/libgba/lib/libgba.a(BoyScout.o)
g_anSound3Params    0x8               /opt/devkitpro/libgba/lib/libgba.a(BoyScout.o)
g_cSound4Patterns   0x1               /opt/devkitpro/libgba/lib/libgba.a(BoyScout.o)
g_pSound3WaveForms  0x4               /opt/devkitpro/libgba/lib/libgba.a(BoyScout.o)
g_aRLESound2        0x3c              /opt/devkitpro/libgba/lib/libgba.a(BoyScout.o)
g_nBoyScoutMemoryArea
                    0x4               /opt/devkitpro/libgba/lib/libgba.a(BoyScout.o)
g_nMuteChannel2     0x4               /opt/devkitpro/libgba/lib/libgba.a(BoyScout.o)
g_anSound4Params    0xe               /opt/devkitpro/libgba/lib/libgba.a(BoyScout.o)
frame               0x4               PlayBoyScout.o
g_nSongLength       0x2               /opt/devkitpro/libgba/lib/libgba.a(BoyScout.o)
g_aiPlayPatterns    0x8               /opt/devkitpro/libgba/lib/libgba.a(BoyScout.o)
g_pSound4Patterns   0x4               /opt/devkitpro/libgba/lib/libgba.a(BoyScout.o)
g_nSound3PlayWaveForm
                    0x2               /opt/devkitpro/libgba/lib/libgba.a(BoyScout.o)
g_nPlaySpeed        0x1               /opt/devkitpro/libgba/lib/libgba.a(BoyScout.o)
PaletteBuffer       0x200             PlayBoyScout.o
g_aRLESequencer     0x30              /opt/devkitpro/libgba/lib/libgba.a(BoyScout.o)
g_iSound3PlayBank   0x1               /opt/devkitpro/libgba/lib/libgba.a(BoyScout.o)
g_pSound3Patterns   0x4               /opt/devkitpro/libgba/lib/libgba.a(BoyScout.o)
g_aRLESound3        0x30              /opt/devkitpro/libgba/lib/libgba.a(BoyScout.o)

Discarded input sections

 .text          0x0000000000000000        0x0 /opt/devkitpro/devkitARM/lib/gcc/arm-none-eabi/7.1.0/../../../../arm-none-eabi/lib/thumb/gba_crt0.o
 .data          0x0000000000000000        0x0 /opt/devkitpro/devkitARM/lib/gcc/arm-none-eabi/7.1.0/../../../../arm-none-eabi/lib/thumb/gba_crt0.o
 .bss           0x0000000000000000        0x0 /opt/devkitpro/devkitARM/lib/gcc/arm-none-eabi/7.1.0/../../../../arm-none-eabi/lib/thumb/gba_crt0.o
 .text          0x0000000000000000        0x0 /opt/devkitpro/devkitARM/lib/gcc/arm-none-eabi/7.1.0/thumb/crti.o
 .data          0x0000000000000000        0x0 /opt/devkitpro/devkitARM/lib/gcc/arm-none-eabi/7.1.0/thumb/crti.o
 .bss           0x0000000000000000        0x0 /opt/devkitpro/devkitARM/lib/gcc/arm-none-eabi/7.1.0/thumb/crti.o
 .text          0x0000000000000000        0x0 /opt/devkitpro/devkitARM/lib/gcc/arm-none-eabi/7.1.0/thumb/crtbegin.o
 .data          0x0000000000000000        0x0 /opt/devkitpro/devkitARM/lib/gcc/arm-none-eabi/7.1.0/thumb/crtbegin.o
 .bss           0x0000000000000000        0x0 /opt/devkitpro/devkitARM/lib/gcc/arm-none-eabi/7.1.0/thumb/crtbegin.o
 .data.__dso_handle
                0x0000000000000000        0x4 /opt/devkitpro/devkitARM/lib/gcc/arm-none-eabi/7.1.0/thumb/crtbegin.o
 .text          0x0000000000000000        0x0 ScoutSplash.pcx.o
 .data          0x0000000000000000        0x0 ScoutSplash.pcx.o
 .bss           0x0000000000000000        0x0 ScoutSplash.pcx.o
 .text          0x0000000000000000        0x0 tune.bgf.o
 .data          0x0000000000000000        0x0 tune.bgf.o
 .bss           0x0000000000000000        0x0 tune.bgf.o
 .data          0x0000000000000000        0x0 PlayBoyScout.o
 .bss           0x0000000000000000        0x0 PlayBoyScout.o
 .data          0x0000000000000000        0x0 /opt/devkitpro/libgba/lib/libgba.a(fade.o)
 .bss           0x0000000000000000        0x0 /opt/devkitpro/libgba/lib/libgba.a(fade.o)
 .data          0x0000000000000000        0x0 /opt/devkitpro/libgba/lib/libgba.a(interrupt.o)
 .bss           0x0000000000000000        0x0 /opt/devkitpro/libgba/lib/libgba.a(interrupt.o)
 .data          0x0000000000000000        0x0 /opt/devkitpro/libgba/lib/libgba.a(pcx.o)
 .bss           0x0000000000000000        0x0 /opt/devkitpro/libgba/lib/libgba.a(pcx.o)
 .data          0x0000000000000000        0x0 /opt/devkitpro/libgba/lib/libgba.a(BoyScout.o)
 .bss           0x0000000000000000        0x0 /opt/devkitpro/libgba/lib/libgba.a(BoyScout.o)
 .text          0x0000000000000000        0x0 /opt/devkitpro/libgba/lib/libgba.a(InterruptDispatcher.o)
 .data          0x0000000000000000        0x0 /opt/devkitpro/libgba/lib/libgba.a(InterruptDispatcher.o)
 .bss           0x0000000000000000        0x0 /opt/devkitpro/libgba/lib/libgba.a(InterruptDispatcher.o)
 .data          0x0000000000000000        0x0 /opt/devkitpro/devkitARM/lib/gcc/arm-none-eabi/7.1.0/thumb/libgcc.a(_divsi3.o)
 .bss           0x0000000000000000        0x0 /opt/devkitpro/devkitARM/lib/gcc/arm-none-eabi/7.1.0/thumb/libgcc.a(_divsi3.o)
 .data          0x0000000000000000        0x0 /opt/devkitpro/devkitARM/lib/gcc/arm-none-eabi/7.1.0/thumb/libgcc.a(_dvmd_tls.o)
 .bss           0x0000000000000000        0x0 /opt/devkitpro/devkitARM/lib/gcc/arm-none-eabi/7.1.0/thumb/libgcc.a(_dvmd_tls.o)
 .text          0x0000000000000000        0x0 /opt/devkitpro/devkitARM/lib/gcc/arm-none-eabi/7.1.0/../../../../arm-none-eabi/lib/thumb/libg.a(lib_a-init.o)
 .data          0x0000000000000000        0x0 /opt/devkitpro/devkitARM/lib/gcc/arm-none-eabi/7.1.0/../../../../arm-none-eabi/lib/thumb/libg.a(lib_a-init.o)
 .bss           0x0000000000000000        0x0 /opt/devkitpro/devkitARM/lib/gcc/arm-none-eabi/7.1.0/../../../../arm-none-eabi/lib/thumb/libg.a(lib_a-init.o)
 .text          0x0000000000000000        0x0 /opt/devkitpro/devkitARM/lib/gcc/arm-none-eabi/7.1.0/../../../../arm-none-eabi/lib/thumb/libg.a(lib_a-malloc.o)
 .data          0x0000000000000000        0x0 /opt/devkitpro/devkitARM/lib/gcc/arm-none-eabi/7.1.0/../../../../arm-none-eabi/lib/thumb/libg.a(lib_a-malloc.o)
 .bss           0x0000000000000000        0x0 /opt/devkitpro/devkitARM/lib/gcc/arm-none-eabi/7.1.0/../../../../arm-none-eabi/lib/thumb/libg.a(lib_a-malloc.o)
 .text.free     0x0000000000000000       0x14 /opt/devkitpro/devkitARM/lib/gcc/arm-none-eabi/7.1.0/../../../../arm-none-eabi/lib/thumb/libg.a(lib_a-malloc.o)
 .text          0x0000000000000000        0x0 /opt/devkitpro/devkitARM/lib/gcc/arm-none-eabi/7.1.0/../../../../arm-none-eabi/lib/thumb/libg.a(lib_a-mallocr.o)
 .data          0x0000000000000000        0x0 /opt/devkitpro/devkitARM/lib/gcc/arm-none-eabi/7.1.0/../../../../arm-none-eabi/lib/thumb/libg.a(lib_a-mallocr.o)
 .bss           0x0000000000000000        0x0 /opt/devkitpro/devkitARM/lib/gcc/arm-none-eabi/7.1.0/../../../../arm-none-eabi/lib/thumb/libg.a(lib_a-mallocr.o)
 .text          0x0000000000000000        0x0 /opt/devkitpro/devkitARM/lib/gcc/arm-none-eabi/7.1.0/../../../../arm-none-eabi/lib/thumb/libg.a(lib_a-memset.o)
 .data          0x0000000000000000        0x0 /opt/devkitpro/devkitARM/lib/gcc/arm-none-eabi/7.1.0/../../../../arm-none-eabi/lib/thumb/libg.a(lib_a-memset.o)
 .bss           0x0000000000000000        0x0 /opt/devkitpro/devkitARM/lib/gcc/arm-none-eabi/7.1.0/../../../../arm-none-eabi/lib/thumb/libg.a(lib_a-memset.o)
 .text          0x0000000000000000        0x0 /opt/devkitpro/devkitARM/lib/gcc/arm-none-eabi/7.1.0/../../../../arm-none-eabi/lib/thumb/libg.a(lib_a-mlock.o)
 .data          0x0000000000000000        0x0 /opt/devkitpro/devkitARM/lib/gcc/arm-none-eabi/7.1.0/../../../../arm-none-eabi/lib/thumb/libg.a(lib_a-mlock.o)
 .bss           0x0000000000000000        0x0 /opt/devkitpro/devkitARM/lib/gcc/arm-none-eabi/7.1.0/../../../../arm-none-eabi/lib/thumb/libg.a(lib_a-mlock.o)
 .text          0x0000000000000000        0x0 /opt/devkitpro/devkitARM/lib/gcc/arm-none-eabi/7.1.0/../../../../arm-none-eabi/lib/thumb/libg.a(lib_a-freer.o)
 .data          0x0000000000000000        0x0 /opt/devkitpro/devkitARM/lib/gcc/arm-none-eabi/7.1.0/../../../../arm-none-eabi/lib/thumb/libg.a(lib_a-freer.o)
 .bss           0x0000000000000000        0x0 /opt/devkitpro/devkitARM/lib/gcc/arm-none-eabi/7.1.0/../../../../arm-none-eabi/lib/thumb/libg.a(lib_a-freer.o)
 .text          0x0000000000000000        0x0 /opt/devkitpro/devkitARM/lib/gcc/arm-none-eabi/7.1.0/../../../../arm-none-eabi/lib/thumb/libsysbase.a(sbrk.o)
 .data          0x0000000000000000        0x0 /opt/devkitpro/devkitARM/lib/gcc/arm-none-eabi/7.1.0/../../../../arm-none-eabi/lib/thumb/libsysbase.a(sbrk.o)
 .bss           0x0000000000000000        0x0 /opt/devkitpro/devkitARM/lib/gcc/arm-none-eabi/7.1.0/../../../../arm-none-eabi/lib/thumb/libsysbase.a(sbrk.o)
 .text          0x0000000000000000        0x0 /opt/devkitpro/devkitARM/lib/gcc/arm-none-eabi/7.1.0/../../../../arm-none-eabi/lib/thumb/libsysbase.a(malloc_vars.o)
 .data          0x0000000000000000        0x0 /opt/devkitpro/devkitARM/lib/gcc/arm-none-eabi/7.1.0/../../../../arm-none-eabi/lib/thumb/libsysbase.a(malloc_vars.o)
 .bss           0x0000000000000000        0x0 /opt/devkitpro/devkitARM/lib/gcc/arm-none-eabi/7.1.0/../../../../arm-none-eabi/lib/thumb/libsysbase.a(malloc_vars.o)
 .text          0x0000000000000000        0x0 /opt/devkitpro/devkitARM/lib/gcc/arm-none-eabi/7.1.0/../../../../arm-none-eabi/lib/thumb/libsysbase.a(syscall_support.o)
 .data          0x0000000000000000        0x0 /opt/devkitpro/devkitARM/lib/gcc/arm-none-eabi/7.1.0/../../../../arm-none-eabi/lib/thumb/libsysbase.a(syscall_support.o)
 .bss           0x0000000000000000        0x0 /opt/devkitpro/devkitARM/lib/gcc/arm-none-eabi/7.1.0/../../../../arm-none-eabi/lib/thumb/libsysbase.a(syscall_support.o)
 .text.__libc_lock_init
                0x0000000000000000       0x1c /opt/devkitpro/devkitARM/lib/gcc/arm-none-eabi/7.1.0/../../../../arm-none-eabi/lib/thumb/libsysbase.a(syscall_support.o)
 .text.__libc_lock_acquire
                0x0000000000000000       0x1c /opt/devkitpro/devkitARM/lib/gcc/arm-none-eabi/7.1.0/../../../../arm-none-eabi/lib/thumb/libsysbase.a(syscall_support.o)
 .text.__libc_lock_try_acquire
                0x0000000000000000       0x24 /opt/devkitpro/devkitARM/lib/gcc/arm-none-eabi/7.1.0/../../../../arm-none-eabi/lib/thumb/libsysbase.a(syscall_support.o)
 .text.__libc_lock_release
                0x0000000000000000       0x1c /opt/devkitpro/devkitARM/lib/gcc/arm-none-eabi/7.1.0/../../../../arm-none-eabi/lib/thumb/libsysbase.a(syscall_support.o)
 .text.__libc_lock_close
                0x0000000000000000       0x1c /opt/devkitpro/devkitARM/lib/gcc/arm-none-eabi/7.1.0/../../../../arm-none-eabi/lib/thumb/libsysbase.a(syscall_support.o)
 .text.__libc_lock_init_recursive
                0x0000000000000000       0x1c /opt/devkitpro/devkitARM/lib/gcc/arm-none-eabi/7.1.0/../../../../arm-none-eabi/lib/thumb/libsysbase.a(syscall_support.o)
 .text.__libc_lock_try_acquire_recursive
                0x0000000000000000       0x24 /opt/devkitpro/devkitARM/lib/gcc/arm-none-eabi/7.1.0/../../../../arm-none-eabi/lib/thumb/libsysbase.a(syscall_support.o)
 .text.__libc_lock_close_recursive
                0x0000000000000000       0x1c /opt/devkitpro/devkitARM/lib/gcc/arm-none-eabi/7.1.0/../../../../arm-none-eabi/lib/thumb/libsysbase.a(syscall_support.o)
 .text          0x0000000000000000        0x0 /opt/devkitpro/devkitARM/lib/gcc/arm-none-eabi/7.1.0/../../../../arm-none-eabi/lib/thumb/libsysbase.a(getreent.o)
 .data          0x0000000000000000        0x0 /opt/devkitpro/devkitARM/lib/gcc/arm-none-eabi/7.1.0/../../../../arm-none-eabi/lib/thumb/libsysbase.a(getreent.o)
 .bss           0x0000000000000000        0x0 /opt/devkitpro/devkitARM/lib/gcc/arm-none-eabi/7.1.0/../../../../arm-none-eabi/lib/thumb/libsysbase.a(getreent.o)
 .text          0x0000000000000000        0x0 /opt/devkitpro/devkitARM/lib/gcc/arm-none-eabi/7.1.0/../../../../arm-none-eabi/lib/thumb/libg.a(lib_a-impure.o)
 .data          0x0000000000000000        0x0 /opt/devkitpro/devkitARM/lib/gcc/arm-none-eabi/7.1.0/../../../../arm-none-eabi/lib/thumb/libg.a(lib_a-impure.o)
 .bss           0x0000000000000000        0x0 /opt/devkitpro/devkitARM/lib/gcc/arm-none-eabi/7.1.0/../../../../arm-none-eabi/lib/thumb/libg.a(lib_a-impure.o)
 .rodata._global_impure_ptr
                0x0000000000000000        0x4 /opt/devkitpro/devkitARM/lib/gcc/arm-none-eabi/7.1.0/../../../../arm-none-eabi/lib/thumb/libg.a(lib_a-impure.o)
 .text          0x0000000000000000        0x0 /opt/devkitpro/devkitARM/lib/gcc/arm-none-eabi/7.1.0/thumb/crtend.o
 .data          0x0000000000000000        0x0 /opt/devkitpro/devkitARM/lib/gcc/arm-none-eabi/7.1.0/thumb/crtend.o
 .bss           0x0000000000000000        0x0 /opt/devkitpro/devkitARM/lib/gcc/arm-none-eabi/7.1.0/thumb/crtend.o
 .text          0x0000000000000000        0x0 /opt/devkitpro/devkitARM/lib/gcc/arm-none-eabi/7.1.0/thumb/crtn.o
 .data          0x0000000000000000        0x0 /opt/devkitpro/devkitARM/lib/gcc/arm-none-eabi/7.1.0/thumb/crtn.o
 .bss           0x0000000000000000        0x0 /opt/devkitpro/devkitARM/lib/gcc/arm-none-eabi/7.1.0/thumb/crtn.o

Memory Configuration

Name             Origin             Length             Attributes
rom              0x0000000008000000 0x0000000002000000
iwram            0x0000000003000000 0x0000000000008000
ewram            0x0000000002000000 0x0000000000040000
*default*        0x0000000000000000 0xffffffffffffffff

Linker script and memory map

                0x0000000008000000                __text_start = ORIGIN (rom)
                0x0000000002040000                __eheap_end = (ORIGIN (ewram) + LENGTH (ewram))
                0x0000000003000000                __iwram_start = ORIGIN (iwram)
                0x0000000003008000                __iwram_top = (ORIGIN (iwram) + LENGTH (iwram))
                0x0000000003007fa0                __sp_irq = (__iwram_top - 0x60)
                0x0000000003007f00                __sp_usr = (__sp_irq - 0xa0)
                0x0000000003007ff8                __irq_flags = 0x3007ff8
                0x0000000008000000                . = __text_start

.crt0           0x0000000008000000      0x210
 *(.crt0)
 .crt0          0x0000000008000000      0x210 /opt/devkitpro/devkitARM/lib/gcc/arm-none-eabi/7.1.0/../../../../arm-none-eabi/lib/thumb/gba_crt0.o
                0x0000000008000000                _start
                0x00000000080000c4                __boot_method
                0x00000000080000c5                __slave_number
                0x00000000080000e0                start_vector
                0x0000000008000210                . = ALIGN (0x4)

.init           0x0000000008000210        0xc
 *(SORT(.init))
 .init          0x0000000008000210        0x4 /opt/devkitpro/devkitARM/lib/gcc/arm-none-eabi/7.1.0/thumb/crti.o
                0x0000000008000210                _init
 .init          0x0000000008000214        0x8 /opt/devkitpro/devkitARM/lib/gcc/arm-none-eabi/7.1.0/thumb/crtn.o

.plt            0x000000000800021c        0x0
 *(.plt)
                0x000000000800021c                . = ALIGN (0x4)

.text           0x0000000008000220     0x37f0
 *(EXCLUDE_FILE(*.iwram*) .text)
 .text          0x0000000008000220       0x18 PlayBoyScout.o
                0x0000000008000220                VblankInterrupt
 .text          0x0000000008000238      0x278 /opt/devkitpro/libgba/lib/libgba.a(fade.o)
                0x0000000008000238                SetPalette
                0x0000000008000250                FadeToGrayScale
                0x0000000008000370                FadeToPalette
 .text          0x00000000080004b0      0x3bc /opt/devkitpro/libgba/lib/libgba.a(interrupt.o)
                0x00000000080004b0                dummy
                0x00000000080004b4                InitInterrupt
                0x0000000008000510                irqInit
                0x000000000800056c                SetInterrupt
                0x0000000008000650                irqSet
                0x0000000008000734                EnableInterrupt
                0x0000000008000780                irqEnable
                0x00000000080007d4                DisableInterrupt
                0x0000000008000820                irqDisable
 .text          0x000000000800086c      0x1b4 /opt/devkitpro/libgba/lib/libgba.a(pcx.o)
                0x000000000800086c                DecodePCX
 .text          0x0000000008000a20     0x2384 /opt/devkitpro/libgba/lib/libgba.a(BoyScout.o)
                0x0000000008000a20                RLEISet
                0x0000000008000a54                RLEINext
                0x0000000008000aac                DMA3Copy32
                0x0000000008000ad4                BoyScoutInitialize
                0x0000000008000be8                BoyScoutOpenSong
                0x0000000008000e90                BoyScoutPlaySong
                0x00000000080015cc                BoyScoutStopSong
                0x00000000080015d8                BoyScoutUpdateSong
                0x0000000008002ce4                BoyScoutGetNeededSongMemory
                0x0000000008002d04                BoyScoutSetMemoryArea
                0x0000000008002d10                BoyScoutGetMemoryArea
                0x0000000008002d1c                BoyScoutIncSpeed
                0x0000000008002d34                BoyScoutDecSpeed
                0x0000000008002d4c                BoyScoutSetSpeed
                0x0000000008002d5c                BoyScoutGetNormalSpeed
                0x0000000008002d68                BoyScoutGetSpeed
                0x0000000008002d74                BoyScoutMuteChannel1
                0x0000000008002d80                BoyScoutMuteChannel2
                0x0000000008002d8c                BoyScoutMuteChannel3
                0x0000000008002d98                BoyScoutMuteChannel4
 .text          0x0000000008002da4      0x150 /opt/devkitpro/devkitARM/lib/gcc/arm-none-eabi/7.1.0/thumb/libgcc.a(_divsi3.o)
                0x0000000008002da4                __aeabi_idiv
                0x0000000008002da4                __divsi3
                0x0000000008002ed4                __aeabi_idivmod
 .text          0x0000000008002ef4        0x4 /opt/devkitpro/devkitARM/lib/gcc/arm-none-eabi/7.1.0/thumb/libgcc.a(_dvmd_tls.o)
                0x0000000008002ef4                __aeabi_ldiv0
                0x0000000008002ef4                __aeabi_idiv0
 *(.text .stub .text.* .gnu.linkonce.t.*)
 .text.deregister_tm_clones
                0x0000000008002ef8       0x2c /opt/devkitpro/devkitARM/lib/gcc/arm-none-eabi/7.1.0/thumb/crtbegin.o
 .text.register_tm_clones
                0x0000000008002f24       0x34 /opt/devkitpro/devkitARM/lib/gcc/arm-none-eabi/7.1.0/thumb/crtbegin.o
 .text.__do_global_dtors_aux
                0x0000000008002f58       0x30 /opt/devkitpro/devkitARM/lib/gcc/arm-none-eabi/7.1.0/thumb/crtbegin.o
 .text.frame_dummy
                0x0000000008002f88       0x28 /opt/devkitpro/devkitARM/lib/gcc/arm-none-eabi/7.1.0/thumb/crtbegin.o
 .text.startup  0x0000000008002fb0       0x74 PlayBoyScout.o
                0x0000000008002fb0                main
 .text.__libc_init_array
                0x0000000008003024       0x54 /opt/devkitpro/devkitARM/lib/gcc/arm-none-eabi/7.1.0/../../../../arm-none-eabi/lib/thumb/libg.a(lib_a-init.o)
                0x0000000008003024                __libc_init_array
 .text.malloc   0x0000000008003078       0x14 /opt/devkitpro/devkitARM/lib/gcc/arm-none-eabi/7.1.0/../../../../arm-none-eabi/lib/thumb/libg.a(lib_a-malloc.o)
                0x0000000008003078                malloc
 .text._malloc_r
                0x000000000800308c      0x56c /opt/devkitpro/devkitARM/lib/gcc/arm-none-eabi/7.1.0/../../../../arm-none-eabi/lib/thumb/libg.a(lib_a-mallocr.o)
                0x000000000800308c                _malloc_r
 .text.memset   0x00000000080035f8       0xa4 /opt/devkitpro/devkitARM/lib/gcc/arm-none-eabi/7.1.0/../../../../arm-none-eabi/lib/thumb/libg.a(lib_a-memset.o)
                0x00000000080035f8                memset
 .text.__malloc_lock
                0x000000000800369c       0x14 /opt/devkitpro/devkitARM/lib/gcc/arm-none-eabi/7.1.0/../../../../arm-none-eabi/lib/thumb/libg.a(lib_a-mlock.o)
                0x000000000800369c                __malloc_lock
 .text.__malloc_unlock
                0x00000000080036b0       0x14 /opt/devkitpro/devkitARM/lib/gcc/arm-none-eabi/7.1.0/../../../../arm-none-eabi/lib/thumb/libg.a(lib_a-mlock.o)
                0x00000000080036b0                __malloc_unlock
 .text._malloc_trim_r
                0x00000000080036c4       0xa4 /opt/devkitpro/devkitARM/lib/gcc/arm-none-eabi/7.1.0/../../../../arm-none-eabi/lib/thumb/libg.a(lib_a-freer.o)
                0x00000000080036c4                _malloc_trim_r
 .text._free_r  0x0000000008003768      0x1d8 /opt/devkitpro/devkitARM/lib/gcc/arm-none-eabi/7.1.0/../../../../arm-none-eabi/lib/thumb/libg.a(lib_a-freer.o)
                0x0000000008003768                _free_r
 .text._sbrk_r  0x0000000008003940       0x54 /opt/devkitpro/devkitARM/lib/gcc/arm-none-eabi/7.1.0/../../../../arm-none-eabi/lib/thumb/libsysbase.a(sbrk.o)
                0x0000000008003940                _sbrk_r
 .text.__libc_lock_acquire_recursive
                0x0000000008003994       0x1c /opt/devkitpro/devkitARM/lib/gcc/arm-none-eabi/7.1.0/../../../../arm-none-eabi/lib/thumb/libsysbase.a(syscall_support.o)
                0x0000000008003994                __libc_lock_acquire_recursive
 .text.__libc_lock_release_recursive
                0x00000000080039b0       0x1c /opt/devkitpro/devkitARM/lib/gcc/arm-none-eabi/7.1.0/../../../../arm-none-eabi/lib/thumb/libsysbase.a(syscall_support.o)
                0x00000000080039b0                __libc_lock_release_recursive
 .text.__getreent
                0x00000000080039cc       0x28 /opt/devkitpro/devkitARM/lib/gcc/arm-none-eabi/7.1.0/../../../../arm-none-eabi/lib/thumb/libsysbase.a(getreent.o)
                0x00000000080039cc                __getreent
 *fill*         0x00000000080039f4        0x4 ff
 .text.__getreent.__stub
                0x00000000080039f8       0x14 linker stubs
 *(.text.*personality*)
 *(.gnu.warning)
 *(.glue_7t)
 .glue_7t       0x0000000008003a10        0x0 linker stubs
 *(.glue_7)
 .glue_7        0x0000000008003a10        0x0 linker stubs
 *(.vfp11_veneer)
 .vfp11_veneer  0x0000000008003a10        0x0 linker stubs
                0x0000000008003a10                . = ALIGN (0x4)
                0x0000000008003a10                __text_end = .

.v4_bx          0x0000000008003a10        0x0
 .v4_bx         0x0000000008003a10        0x0 linker stubs

.iplt           0x0000000008003a10        0x0
 .iplt          0x0000000008003a10        0x0 /opt/devkitpro/devkitARM/lib/gcc/arm-none-eabi/7.1.0/../../../../arm-none-eabi/lib/thumb/gba_crt0.o

.fini           0x0000000008003a10        0xc
 *(.fini)
 .fini          0x0000000008003a10        0x4 /opt/devkitpro/devkitARM/lib/gcc/arm-none-eabi/7.1.0/thumb/crti.o
                0x0000000008003a10                _fini
 .fini          0x0000000008003a14        0x8 /opt/devkitpro/devkitARM/lib/gcc/arm-none-eabi/7.1.0/thumb/crtn.o
                0x0000000008003a1c                . = ALIGN (0x4)

.rodata         0x0000000008003a1c     0x3e24
 *(.rodata)
 .rodata        0x0000000008003a1c     0x38a0 ScoutSplash.pcx.o
                0x0000000008003a1c                ScoutSplash_pcx
                0x00000000080072b7                ScoutSplash_pcx_end
                0x00000000080072b8                ScoutSplash_pcx_size
 .rodata        0x00000000080072bc      0x4e0 tune.bgf.o
                0x00000000080072bc                tune_bgf
                0x0000000008007798                tune_bgf_size
                0x0000000008007798                tune_bgf_end
 .rodata        0x000000000800779c       0xa4 /opt/devkitpro/libgba/lib/libgba.a(BoyScout.o)
                0x00000000080077b0                canNoteFrequencies
 *all.rodata*(*)
 *(.roda)
 *(.rodata.*)
 *(.gnu.linkonce.r*)
                0x0000000008007840                . = ALIGN (0x4)

.ARM.extab
 *(.ARM.extab* .gnu.linkonce.armextab.*)
                0x0000000008007840                __exidx_start = .

.ARM.exidx
 *(.ARM.exidx* .gnu.linkonce.armexidx.*)
                0x0000000008007840                __exidx_end = .

.ctors          0x0000000008007840        0x0
 *crtbegin.o(.ctors)
 *(EXCLUDE_FILE(*crtend.o) .ctors)
 *(SORT(.ctors.*))
 *(.ctors)
                0x0000000008007840                . = ALIGN (0x4)

.dtors          0x0000000008007840        0x0
 *crtbegin.o(.dtors)
 *(EXCLUDE_FILE(*crtend.o) .dtors)
 *(SORT(.dtors.*))
 *(.dtors)
                0x0000000008007840                . = ALIGN (0x4)

.eh_frame       0x0000000008007840        0x4
 *(.eh_frame)
 .eh_frame      0x0000000008007840        0x0 /opt/devkitpro/devkitARM/lib/gcc/arm-none-eabi/7.1.0/thumb/crtbegin.o
 .eh_frame      0x0000000008007840        0x4 /opt/devkitpro/devkitARM/lib/gcc/arm-none-eabi/7.1.0/thumb/crtend.o
                0x0000000008007844                . = ALIGN (0x4)

.gcc_except_table
                0x0000000008007844        0x0
 *(.gcc_except_table)
                0x0000000008007844                . = ALIGN (0x4)
                0x0000000008007844                __iwram_lma = .

.iwram          0x0000000003000000       0xb8 load address 0x0000000008007844
                0x0000000003000000                __iwram_start__ = ABSOLUTE (.)
 *(.iwram)
 .iwram         0x0000000003000000       0xb8 /opt/devkitpro/libgba/lib/libgba.a(InterruptDispatcher.o)
                0x0000000003000000                IntrMain
 *iwram.*(.text)
                0x00000000030000b8                . = ALIGN (0x4)
                0x00000000030000b8                __iwram_end__ = ABSOLUTE (.)
                0x00000000080078fc                __data_lma = (__iwram_lma + SIZEOF (.iwram))

.rel.dyn        0x00000000030000b8        0x0 load address 0x00000000080078fc
 .rel.iplt      0x00000000030000b8        0x0 /opt/devkitpro/devkitARM/lib/gcc/arm-none-eabi/7.1.0/../../../../arm-none-eabi/lib/thumb/gba_crt0.o

.bss            0x00000000030000b8      0x5f4
                0x00000000030000b8                __bss_start = ABSOLUTE (.)
                0x00000000030000b8                __bss_start__ = ABSOLUTE (.)
 *(.dynbss)
 *(.gnu.linkonce.b*)
 *(.bss*)
 .bss.completed.6484
                0x00000000030000b8        0x1 /opt/devkitpro/devkitARM/lib/gcc/arm-none-eabi/7.1.0/thumb/crtbegin.o
 *fill*         0x00000000030000b9        0x3 
 .bss.object.6489
                0x00000000030000bc       0x18 /opt/devkitpro/devkitARM/lib/gcc/arm-none-eabi/7.1.0/thumb/crtbegin.o
 .bss.__malloc_current_mallinfo
                0x00000000030000d4       0x28 /opt/devkitpro/devkitARM/lib/gcc/arm-none-eabi/7.1.0/../../../../arm-none-eabi/lib/thumb/libg.a(lib_a-mallocr.o)
                0x00000000030000d4                __malloc_current_mallinfo
 .bss.__malloc_max_sbrked_mem
                0x00000000030000fc        0x4 /opt/devkitpro/devkitARM/lib/gcc/arm-none-eabi/7.1.0/../../../../arm-none-eabi/lib/thumb/libg.a(lib_a-mallocr.o)
                0x00000000030000fc                __malloc_max_sbrked_mem
 .bss.__malloc_max_total_mem
                0x0000000003000100        0x4 /opt/devkitpro/devkitARM/lib/gcc/arm-none-eabi/7.1.0/../../../../arm-none-eabi/lib/thumb/libg.a(lib_a-mallocr.o)
                0x0000000003000100                __malloc_max_total_mem
 .bss.__malloc_top_pad
                0x0000000003000104        0x4 /opt/devkitpro/devkitARM/lib/gcc/arm-none-eabi/7.1.0/../../../../arm-none-eabi/lib/thumb/libg.a(lib_a-mallocr.o)
                0x0000000003000104                __malloc_top_pad
 .bss.heap_start.5814
                0x0000000003000108        0x4 /opt/devkitpro/devkitARM/lib/gcc/arm-none-eabi/7.1.0/../../../../arm-none-eabi/lib/thumb/libsysbase.a(sbrk.o)
 .bss.fake_heap_end
                0x000000000300010c        0x4 /opt/devkitpro/devkitARM/lib/gcc/arm-none-eabi/7.1.0/../../../../arm-none-eabi/lib/thumb/libsysbase.a(malloc_vars.o)
                0x000000000300010c                fake_heap_end
 .bss.fake_heap_start
                0x0000000003000110        0x4 /opt/devkitpro/devkitARM/lib/gcc/arm-none-eabi/7.1.0/../../../../arm-none-eabi/lib/thumb/libsysbase.a(malloc_vars.o)
                0x0000000003000110                fake_heap_start
 .bss.__syscalls
                0x0000000003000114       0x38 /opt/devkitpro/devkitARM/lib/gcc/arm-none-eabi/7.1.0/../../../../arm-none-eabi/lib/thumb/libsysbase.a(syscall_support.o)
                0x0000000003000114                __syscalls
 *(COMMON)
 COMMON         0x000000000300014c      0x204 PlayBoyScout.o
                0x000000000300014c                frame
                0x0000000003000150                PaletteBuffer
 COMMON         0x0000000003000350       0x78 /opt/devkitpro/libgba/lib/libgba.a(interrupt.o)
                0x0000000003000350                IntrTable
 COMMON         0x00000000030003c8       0xf0 /opt/devkitpro/libgba/lib/libgba.a(pcx.o)
                0x00000000030003c8                Buf
 COMMON         0x00000000030004b8      0x1f4 /opt/devkitpro/libgba/lib/libgba.a(BoyScout.o)
                0x00000000030004b8                g_nBeatLength
                0x00000000030004bc                g_iPlayPosition
                0x00000000030004c0                g_nSequencerBeatsPerRow
                0x00000000030004c4                g_nMuteChannel4
                0x00000000030004c8                g_pSound2Patterns
                0x00000000030004cc                g_aRLESound4
                0x0000000003000520                g_aRLESound1
                0x0000000003000574                g_cSound3Patterns
                0x0000000003000578                g_anSound1Params
                0x0000000003000586                g_nPlayState
                0x0000000003000587                g_cSound1Patterns
                0x0000000003000588                g_cSound2Patterns
                0x000000000300058c                g_aiPlayPatternPositions
                0x000000000300059c                g_pSound1Patterns
                0x00000000030005a0                g_iTickCounter
                0x00000000030005a4                g_anSound2Params
                0x00000000030005b0                g_nMuteChannel1
                0x00000000030005b4                g_nMuteChannel3
                0x00000000030005b8                g_cSound3WaveForms
                0x00000000030005bc                g_iBeatsPerRowCounter
                0x00000000030005c0                g_apSequencerParams
                0x00000000030005d0                g_anSound3Params
                0x00000000030005d8                g_cSound4Patterns
                0x00000000030005dc                g_pSound3WaveForms
                0x00000000030005e0                g_aRLESound2
                0x000000000300061c                g_nBoyScoutMemoryArea
                0x0000000003000620                g_nMuteChannel2
                0x0000000003000624                g_anSound4Params
                0x0000000003000632                g_nSongLength
                0x0000000003000634                g_aiPlayPatterns
                0x000000000300063c                g_pSound4Patterns
                0x0000000003000640                g_nSound3PlayWaveForm
                0x0000000003000642                g_nPlaySpeed
                0x0000000003000644                g_aRLESequencer
                0x0000000003000674                g_iSound3PlayBank
                0x0000000003000678                g_pSound3Patterns
                0x000000000300067c                g_aRLESound3
                0x00000000030006ac                . = ALIGN (0x4)
                0x00000000030006ac                __bss_end__ = ABSOLUTE (.)

.data           0x00000000030006ac      0x884 load address 0x00000000080078fc
                0x00000000030006ac                __data_start__ = ABSOLUTE (.)
 *(.data)
 *(.data.*)
 .data.__malloc_av_
                0x00000000030006ac      0x408 /opt/devkitpro/devkitARM/lib/gcc/arm-none-eabi/7.1.0/../../../../arm-none-eabi/lib/thumb/libg.a(lib_a-mallocr.o)
                0x00000000030006ac                __malloc_av_
 .data.__malloc_sbrk_base
                0x0000000003000ab4        0x4 /opt/devkitpro/devkitARM/lib/gcc/arm-none-eabi/7.1.0/../../../../arm-none-eabi/lib/thumb/libg.a(lib_a-mallocr.o)
                0x0000000003000ab4                __malloc_sbrk_base
 .data.__malloc_trim_threshold
                0x0000000003000ab8        0x4 /opt/devkitpro/devkitARM/lib/gcc/arm-none-eabi/7.1.0/../../../../arm-none-eabi/lib/thumb/libg.a(lib_a-mallocr.o)
                0x0000000003000ab8                __malloc_trim_threshold
 .data.__malloc_lock_object
                0x0000000003000abc        0xc /opt/devkitpro/devkitARM/lib/gcc/arm-none-eabi/7.1.0/../../../../arm-none-eabi/lib/thumb/libg.a(lib_a-mlock.o)
 .data._impure_ptr
                0x0000000003000ac8        0x4 /opt/devkitpro/devkitARM/lib/gcc/arm-none-eabi/7.1.0/../../../../arm-none-eabi/lib/thumb/libg.a(lib_a-impure.o)
                0x0000000003000ac8                _impure_ptr
 *fill*         0x0000000003000acc        0x4 ff
 .data.impure_data
                0x0000000003000ad0      0x460 /opt/devkitpro/devkitARM/lib/gcc/arm-none-eabi/7.1.0/../../../../arm-none-eabi/lib/thumb/libg.a(lib_a-impure.o)
 *(.gnu.linkonce.d*)
                0x0000000003000f30                . = ALIGN (0x4)
                0x0000000008008180                __preinit_lma = (__data_lma + SIZEOF (.data))

.igot.plt       0x0000000003000f30        0x0 load address 0x0000000008008180
 .igot.plt      0x0000000003000f30        0x0 /opt/devkitpro/devkitARM/lib/gcc/arm-none-eabi/7.1.0/../../../../arm-none-eabi/lib/thumb/gba_crt0.o

.tm_clone_table
                0x0000000003000f30        0x0 load address 0x0000000008008180
 .tm_clone_table
                0x0000000003000f30        0x0 /opt/devkitpro/devkitARM/lib/gcc/arm-none-eabi/7.1.0/thumb/crtbegin.o
 .tm_clone_table
                0x0000000003000f30        0x0 /opt/devkitpro/devkitARM/lib/gcc/arm-none-eabi/7.1.0/thumb/crtend.o

.preinit_array  0x0000000003000f30        0x0 load address 0x0000000008008180
                0x0000000003000f30                __preinit_array_start = ABSOLUTE (.)
 *(.preinit_array)
                0x0000000003000f30                __preinit_array_end = ABSOLUTE (.)
                0x0000000008008180                __init_lma = (__preinit_lma + SIZEOF (.preinit_array))

.init_array     0x0000000003000f30        0x4 load address 0x0000000008008180
                0x0000000003000f30                __init_array_start = ABSOLUTE (.)
 *(SORT(.init_array.*))
 *(.init_array)
 .init_array    0x0000000003000f30        0x4 /opt/devkitpro/devkitARM/lib/gcc/arm-none-eabi/7.1.0/thumb/crtbegin.o
                0x0000000003000f34                __init_array_end = ABSOLUTE (.)
                0x0000000008008184                __fini_lma = (__init_lma + SIZEOF (.init_array))

.fini_array     0x0000000003000f34        0x4 load address 0x0000000008008184
                0x0000000003000f34                __fini_array_start = ABSOLUTE (.)
 *(SORT(.fini_array.*))
 *(.fini_array)
 .fini_array    0x0000000003000f34        0x4 /opt/devkitpro/devkitARM/lib/gcc/arm-none-eabi/7.1.0/thumb/crtbegin.o
                0x0000000003000f38                __fini_array_end = ABSOLUTE (.)
                0x0000000008008188                __jcr_lma = (__fini_lma + SIZEOF (.fini_array))

.jcr            0x0000000003000f38        0x0 load address 0x0000000008008188
 *(.jcr)
                0x0000000003000f38                __data_end__ = ABSOLUTE (.)
                0x0000000008008188                __iwram_overlay_lma = (__jcr_lma + SIZEOF (.jcr))
                0x0000000003000f38                __iwram_overlay_start = .

.iwram0         0x0000000003000f38        0x0 load address 0x0000000008008188
 *(.iwram0)
                0x0000000003000f38                . = ALIGN (0x4)
                0x0000000008008188                PROVIDE (__load_start_iwram0, LOADADDR (.iwram0))
                0x0000000008008188                PROVIDE (__load_stop_iwram0, (LOADADDR (.iwram0) + SIZEOF (.iwram0)))

.iwram1         0x0000000003000f38        0x0
 *(.iwram1)
                0x0000000003000f38                . = ALIGN (0x4)
                [!provide]                        PROVIDE (__load_start_iwram1, LOADADDR (.iwram1))
                [!provide]                        PROVIDE (__load_stop_iwram1, (LOADADDR (.iwram1) + SIZEOF (.iwram1)))

.iwram2         0x0000000003000f38        0x0
 *(.iwram2)
                0x0000000003000f38                . = ALIGN (0x4)
                [!provide]                        PROVIDE (__load_start_iwram2, LOADADDR (.iwram2))
                [!provide]                        PROVIDE (__load_stop_iwram2, (LOADADDR (.iwram2) + SIZEOF (.iwram2)))

.iwram3         0x0000000003000f38        0x0
 *(.iwram3)
                0x0000000003000f38                . = ALIGN (0x4)
                [!provide]                        PROVIDE (__load_start_iwram3, LOADADDR (.iwram3))
                [!provide]                        PROVIDE (__load_stop_iwram3, (LOADADDR (.iwram3) + SIZEOF (.iwram3)))

.iwram4         0x0000000003000f38        0x0
 *(.iwram4)
                0x0000000003000f38                . = ALIGN (0x4)
                [!provide]                        PROVIDE (__load_start_iwram4, LOADADDR (.iwram4))
                [!provide]                        PROVIDE (__load_stop_iwram4, (LOADADDR (.iwram4) + SIZEOF (.iwram4)))

.iwram5         0x0000000003000f38        0x0
 *(.iwram5)
                0x0000000003000f38                . = ALIGN (0x4)
                [!provide]                        PROVIDE (__load_start_iwram5, LOADADDR (.iwram5))
                [!provide]                        PROVIDE (__load_stop_iwram5, (LOADADDR (.iwram5) + SIZEOF (.iwram5)))

.iwram6         0x0000000003000f38        0x0
 *(.iwram6)
                0x0000000003000f38                . = ALIGN (0x4)
                [!provide]                        PROVIDE (__load_start_iwram6, LOADADDR (.iwram6))
                [!provide]                        PROVIDE (__load_stop_iwram6, (LOADADDR (.iwram6) + SIZEOF (.iwram6)))

.iwram7         0x0000000003000f38        0x0
 *(.iwram7)
                0x0000000003000f38                . = ALIGN (0x4)
                [!provide]                        PROVIDE (__load_start_iwram7, LOADADDR (.iwram7))
                [!provide]                        PROVIDE (__load_stop_iwram7, (LOADADDR (.iwram7) + SIZEOF (.iwram7)))

.iwram8         0x0000000003000f38        0x0
 *(.iwram8)
                0x0000000003000f38                . = ALIGN (0x4)
                [!provide]                        PROVIDE (__load_start_iwram8, LOADADDR (.iwram8))
                [!provide]                        PROVIDE (__load_stop_iwram8, (LOADADDR (.iwram8) + SIZEOF (.iwram8)))

.iwram9         0x0000000003000f38        0x0
 *(.iwram9)
                0x0000000003000f38                . = ALIGN (0x4)
                [!provide]                        PROVIDE (__load_start_iwram9, LOADADDR (.iwram9))
                [!provide]                        PROVIDE (__load_stop_iwram9, (LOADADDR (.iwram9) + SIZEOF (.iwram9)))
                0x0000000003000f38                __iwram_overlay_end = .
                0x0000000008008188                __ewram_lma = (__iwram_overlay_lma + (__iwram_overlay_end - __iwram_overlay_start))
                0x0000000003000f38                __iheap_start = .
                0x0000000002000000                __ewram_start = ORIGIN (ewram)

.ewram          0x0000000002000000        0x0 load address 0x0000000008008188
 *(.ewram)
                0x0000000002000000                . = ALIGN (0x4)
                0x0000000002000000                __ewram_end = ABSOLUTE (.)
                0x0000000008008188                __pad_lma = (__ewram_lma + SIZEOF (.ewram))

.sbss           0x0000000002000000     0x1c00
                0x0000000002000000                __sbss_start__ = ABSOLUTE (.)
 *(.sbss)
 .sbss          0x0000000002000000     0x1c00 /opt/devkitpro/libgba/lib/libgba.a(fade.o)
                0x0000000002000000                FadeTable
                0x0000000002001800                CurrentPalette
                0x0000000002001c00                . = ALIGN (0x4)
                0x0000000002001c00                __sbss_end__ = ABSOLUTE (.)
                0x0000000002001c00                __end__ = ABSOLUTE (.)
                0x0000000002001c00                __eheap_start = ABSOLUTE (.)

.pad            0x0000000002001c00        0x8 load address 0x0000000008008188
                0x0000000002001c00        0x4 LONG 0x52416b64
                0x0000000002001c04        0x4 LONG 0x4d
                0x0000000002001c08                . = ALIGN (0x4)
                0x0000000008008190                __rom_end__ = (__pad_lma + SIZEOF (.pad))

.stab
 *(.stab)

.stabstr
 *(.stabstr)

.stab.excl
 *(.stab.excl)

.stab.exclstr
 *(.stab.exclstr)

.stab.index
 *(.stab.index)

.stab.indexstr
 *(.stab.indexstr)

.comment        0x0000000000000000       0x44
 *(.comment)
 .comment       0x0000000000000000       0x22 /opt/devkitpro/devkitARM/lib/gcc/arm-none-eabi/7.1.0/thumb/crtbegin.o
                                         0x23 (size before relaxing)
 .comment       0x0000000000000022       0x23 PlayBoyScout.o
 .comment       0x0000000000000022       0x22 /opt/devkitpro/libgba/lib/libgba.a(fade.o)
                                         0x23 (size before relaxing)
 .comment       0x0000000000000044       0x23 /opt/devkitpro/libgba/lib/libgba.a(interrupt.o)
 .comment       0x0000000000000044       0x23 /opt/devkitpro/libgba/lib/libgba.a(pcx.o)
 .comment       0x0000000000000044       0x23 /opt/devkitpro/libgba/lib/libgba.a(BoyScout.o)
 .comment       0x0000000000000044       0x23 /opt/devkitpro/devkitARM/lib/gcc/arm-none-eabi/7.1.0/../../../../arm-none-eabi/lib/thumb/libg.a(lib_a-init.o)
 .comment       0x0000000000000044       0x23 /opt/devkitpro/devkitARM/lib/gcc/arm-none-eabi/7.1.0/../../../../arm-none-eabi/lib/thumb/libg.a(lib_a-malloc.o)
 .comment       0x0000000000000044       0x23 /opt/devkitpro/devkitARM/lib/gcc/arm-none-eabi/7.1.0/../../../../arm-none-eabi/lib/thumb/libg.a(lib_a-mallocr.o)
 .comment       0x0000000000000044       0x23 /opt/devkitpro/devkitARM/lib/gcc/arm-none-eabi/7.1.0/../../../../arm-none-eabi/lib/thumb/libg.a(lib_a-memset.o)
 .comment       0x0000000000000044       0x23 /opt/devkitpro/devkitARM/lib/gcc/arm-none-eabi/7.1.0/../../../../arm-none-eabi/lib/thumb/libg.a(lib_a-mlock.o)
 .comment       0x0000000000000044       0x23 /opt/devkitpro/devkitARM/lib/gcc/arm-none-eabi/7.1.0/../../../../arm-none-eabi/lib/thumb/libg.a(lib_a-freer.o)
 .comment       0x0000000000000044       0x23 /opt/devkitpro/devkitARM/lib/gcc/arm-none-eabi/7.1.0/../../../../arm-none-eabi/lib/thumb/libsysbase.a(sbrk.o)
 .comment       0x0000000000000044       0x23 /opt/devkitpro/devkitARM/lib/gcc/arm-none-eabi/7.1.0/../../../../arm-none-eabi/lib/thumb/libsysbase.a(malloc_vars.o)
 .comment       0x0000000000000044       0x23 /opt/devkitpro/devkitARM/lib/gcc/arm-none-eabi/7.1.0/../../../../arm-none-eabi/lib/thumb/libsysbase.a(syscall_support.o)
 .comment       0x0000000000000044       0x23 /opt/devkitpro/devkitARM/lib/gcc/arm-none-eabi/7.1.0/../../../../arm-none-eabi/lib/thumb/libsysbase.a(getreent.o)
 .comment       0x0000000000000044       0x23 /opt/devkitpro/devkitARM/lib/gcc/arm-none-eabi/7.1.0/../../../../arm-none-eabi/lib/thumb/libg.a(lib_a-impure.o)
 .comment       0x0000000000000044       0x23 /opt/devkitpro/devkitARM/lib/gcc/arm-none-eabi/7.1.0/thumb/crtend.o

.debug
 *(.debug)

.line
 *(.line)

.debug_srcinfo
 *(.debug_srcinfo)

.debug_sfnames
 *(.debug_sfnames)

.debug_aranges  0x0000000000000000       0xc8
 *(.debug_aranges)
 .debug_aranges
                0x0000000000000000       0x28 PlayBoyScout.o
 .debug_aranges
                0x0000000000000028       0x20 /opt/devkitpro/libgba/lib/libgba.a(fade.o)
 .debug_aranges
                0x0000000000000048       0x20 /opt/devkitpro/libgba/lib/libgba.a(interrupt.o)
 .debug_aranges
                0x0000000000000068       0x20 /opt/devkitpro/libgba/lib/libgba.a(pcx.o)
 .debug_aranges
                0x0000000000000088       0x20 /opt/devkitpro/libgba/lib/libgba.a(BoyScout.o)
 .debug_aranges
                0x00000000000000a8       0x20 /opt/devkitpro/libgba/lib/libgba.a(InterruptDispatcher.o)

.debug_pubnames
 *(.debug_pubnames)

.debug_info     0x0000000000000000     0x260e
 *(.debug_info)
 .debug_info    0x0000000000000000      0xd51 PlayBoyScout.o
 .debug_info    0x0000000000000d51      0x53f /opt/devkitpro/libgba/lib/libgba.a(fade.o)
 .debug_info    0x0000000000001290      0x3a6 /opt/devkitpro/libgba/lib/libgba.a(interrupt.o)
 .debug_info    0x0000000000001636      0x346 /opt/devkitpro/libgba/lib/libgba.a(pcx.o)
 .debug_info    0x000000000000197c      0xbf2 /opt/devkitpro/libgba/lib/libgba.a(BoyScout.o)
 .debug_info    0x000000000000256e       0xa0 /opt/devkitpro/libgba/lib/libgba.a(InterruptDispatcher.o)

.debug_abbrev   0x0000000000000000      0x9e3
 *(.debug_abbrev)
 .debug_abbrev  0x0000000000000000      0x2b5 PlayBoyScout.o
 .debug_abbrev  0x00000000000002b5      0x197 /opt/devkitpro/libgba/lib/libgba.a(fade.o)
 .debug_abbrev  0x000000000000044c      0x1cf /opt/devkitpro/libgba/lib/libgba.a(interrupt.o)
 .debug_abbrev  0x000000000000061b      0x11a /opt/devkitpro/libgba/lib/libgba.a(pcx.o)
 .debug_abbrev  0x0000000000000735      0x29a /opt/devkitpro/libgba/lib/libgba.a(BoyScout.o)
 .debug_abbrev  0x00000000000009cf       0x14 /opt/devkitpro/libgba/lib/libgba.a(InterruptDispatcher.o)

.debug_line     0x0000000000000000     0x1898
 *(.debug_line)
 .debug_line    0x0000000000000000      0x2cb PlayBoyScout.o
 .debug_line    0x00000000000002cb      0x319 /opt/devkitpro/libgba/lib/libgba.a(fade.o)
 .debug_line    0x00000000000005e4      0x1ec /opt/devkitpro/libgba/lib/libgba.a(interrupt.o)
 .debug_line    0x00000000000007d0      0x1e2 /opt/devkitpro/libgba/lib/libgba.a(pcx.o)
 .debug_line    0x00000000000009b2      0xe41 /opt/devkitpro/libgba/lib/libgba.a(BoyScout.o)
 .debug_line    0x00000000000017f3       0xa5 /opt/devkitpro/libgba/lib/libgba.a(InterruptDispatcher.o)

.debug_frame    0x0000000000000000      0x344
 *(.debug_frame)
 .debug_frame   0x0000000000000000       0x40 PlayBoyScout.o
 .debug_frame   0x0000000000000040       0x78 /opt/devkitpro/libgba/lib/libgba.a(fade.o)
 .debug_frame   0x00000000000000b8       0xb0 /opt/devkitpro/libgba/lib/libgba.a(interrupt.o)
 .debug_frame   0x0000000000000168       0x3c /opt/devkitpro/libgba/lib/libgba.a(pcx.o)
 .debug_frame   0x00000000000001a4      0x1a0 /opt/devkitpro/libgba/lib/libgba.a(BoyScout.o)

.debug_str      0x0000000000000000     0x100b
 *(.debug_str)
 .debug_str     0x0000000000000000      0x899 PlayBoyScout.o
                                        0x91f (size before relaxing)
 .debug_str     0x0000000000000899       0xf3 /opt/devkitpro/libgba/lib/libgba.a(fade.o)
                                        0x1e7 (size before relaxing)
 .debug_str     0x000000000000098c       0xeb /opt/devkitpro/libgba/lib/libgba.a(interrupt.o)
                                        0x2af (size before relaxing)
 .debug_str     0x0000000000000a77       0xea /opt/devkitpro/libgba/lib/libgba.a(pcx.o)
                                        0x202 (size before relaxing)
 .debug_str     0x0000000000000b61      0x4aa /opt/devkitpro/libgba/lib/libgba.a(BoyScout.o)
                                        0x5a6 (size before relaxing)

.debug_loc      0x0000000000000000     0x36ce
 *(.debug_loc)
 .debug_loc     0x0000000000000000       0x2f PlayBoyScout.o
 .debug_loc     0x000000000000002f      0x6d9 /opt/devkitpro/libgba/lib/libgba.a(fade.o)
 .debug_loc     0x0000000000000708      0x3a6 /opt/devkitpro/libgba/lib/libgba.a(interrupt.o)
 .debug_loc     0x0000000000000aae      0x5a4 /opt/devkitpro/libgba/lib/libgba.a(pcx.o)
 .debug_loc     0x0000000000001052     0x267c /opt/devkitpro/libgba/lib/libgba.a(BoyScout.o)

.debug_macinfo
 *(.debug_macinfo)

.debug_weaknames
 *(.debug_weaknames)

.debug_funcnames
 *(.debug_funcnames)

.debug_typenames
 *(.debug_typenames)

.debug_varnames
 *(.debug_varnames)

.stack          0x0000000000080000        0x0
                0x0000000000080000                _stack = .
 *(.stack)

.note.gnu.arm.ident
 *(.note.gnu.arm.ident)

.ARM.attributes
                0x0000000000000000       0x2c
 *(.ARM.attributes)
 .ARM.attributes
                0x0000000000000000       0x20 /opt/devkitpro/devkitARM/lib/gcc/arm-none-eabi/7.1.0/../../../../arm-none-eabi/lib/thumb/gba_crt0.o
 .ARM.attributes
                0x0000000000000020       0x16 /opt/devkitpro/devkitARM/lib/gcc/arm-none-eabi/7.1.0/thumb/crti.o
 .ARM.attributes
                0x0000000000000036       0x30 /opt/devkitpro/devkitARM/lib/gcc/arm-none-eabi/7.1.0/thumb/crtbegin.o
 .ARM.attributes
                0x0000000000000066       0x14 ScoutSplash.pcx.o
 .ARM.attributes
                0x000000000000007a       0x14 tune.bgf.o
 .ARM.attributes
                0x000000000000008e       0x2c PlayBoyScout.o
 .ARM.attributes
                0x00000000000000ba       0x30 /opt/devkitpro/libgba/lib/libgba.a(fade.o)
 .ARM.attributes
                0x00000000000000ea       0x30 /opt/devkitpro/libgba/lib/libgba.a(interrupt.o)
 .ARM.attributes
                0x000000000000011a       0x30 /opt/devkitpro/libgba/lib/libgba.a(pcx.o)
 .ARM.attributes
                0x000000000000014a       0x30 /opt/devkitpro/libgba/lib/libgba.a(BoyScout.o)
 .ARM.attributes
                0x000000000000017a       0x16 /opt/devkitpro/libgba/lib/libgba.a(InterruptDispatcher.o)
 .ARM.attributes
                0x0000000000000190       0x18 /opt/devkitpro/devkitARM/lib/gcc/arm-none-eabi/7.1.0/thumb/libgcc.a(_divsi3.o)
 .ARM.attributes
                0x00000000000001a8       0x16 /opt/devkitpro/devkitARM/lib/gcc/arm-none-eabi/7.1.0/thumb/libgcc.a(_dvmd_tls.o)
 .ARM.attributes
                0x00000000000001be       0x30 /opt/devkitpro/devkitARM/lib/gcc/arm-none-eabi/7.1.0/../../../../arm-none-eabi/lib/thumb/libg.a(lib_a-init.o)
 .ARM.attributes
                0x00000000000001ee       0x30 /opt/devkitpro/devkitARM/lib/gcc/arm-none-eabi/7.1.0/../../../../arm-none-eabi/lib/thumb/libg.a(lib_a-malloc.o)
 .ARM.attributes
                0x000000000000021e       0x30 /opt/devkitpro/devkitARM/lib/gcc/arm-none-eabi/7.1.0/../../../../arm-none-eabi/lib/thumb/libg.a(lib_a-mallocr.o)
 .ARM.attributes
                0x000000000000024e       0x30 /opt/devkitpro/devkitARM/lib/gcc/arm-none-eabi/7.1.0/../../../../arm-none-eabi/lib/thumb/libg.a(lib_a-memset.o)
 .ARM.attributes
                0x000000000000027e       0x30 /opt/devkitpro/devkitARM/lib/gcc/arm-none-eabi/7.1.0/../../../../arm-none-eabi/lib/thumb/libg.a(lib_a-mlock.o)
 .ARM.attributes
                0x00000000000002ae       0x30 /opt/devkitpro/devkitARM/lib/gcc/arm-none-eabi/7.1.0/../../../../arm-none-eabi/lib/thumb/libg.a(lib_a-freer.o)
 .ARM.attributes
                0x00000000000002de       0x30 /opt/devkitpro/devkitARM/lib/gcc/arm-none-eabi/7.1.0/../../../../arm-none-eabi/lib/thumb/libsysbase.a(sbrk.o)
 .ARM.attributes
                0x000000000000030e       0x30 /opt/devkitpro/devkitARM/lib/gcc/arm-none-eabi/7.1.0/../../../../arm-none-eabi/lib/thumb/libsysbase.a(malloc_vars.o)
 .ARM.attributes
                0x000000000000033e       0x30 /opt/devkitpro/devkitARM/lib/gcc/arm-none-eabi/7.1.0/../../../../arm-none-eabi/lib/thumb/libsysbase.a(syscall_support.o)
 .ARM.attributes
                0x000000000000036e       0x30 /opt/devkitpro/devkitARM/lib/gcc/arm-none-eabi/7.1.0/../../../../arm-none-eabi/lib/thumb/libsysbase.a(getreent.o)
 .ARM.attributes
                0x000000000000039e       0x30 /opt/devkitpro/devkitARM/lib/gcc/arm-none-eabi/7.1.0/../../../../arm-none-eabi/lib/thumb/libg.a(lib_a-impure.o)
 .ARM.attributes
                0x00000000000003ce       0x30 /opt/devkitpro/devkitARM/lib/gcc/arm-none-eabi/7.1.0/thumb/crtend.o
 .ARM.attributes
                0x00000000000003fe       0x16 /opt/devkitpro/devkitARM/lib/gcc/arm-none-eabi/7.1.0/thumb/crtn.o

/DISCARD/
 *(.note.GNU-stack)
LOAD /opt/devkitpro/devkitARM/lib/gcc/arm-none-eabi/7.1.0/../../../../arm-none-eabi/lib/thumb/gba_crt0.o
LOAD /opt/devkitpro/devkitARM/lib/gcc/arm-none-eabi/7.1.0/thumb/crti.o
LOAD /opt/devkitpro/devkitARM/lib/gcc/arm-none-eabi/7.1.0/thumb/crtbegin.o
LOAD ScoutSplash.pcx.o
LOAD tune.bgf.o
LOAD PlayBoyScout.o
LOAD /opt/devkitpro/libgba/lib/libmm.a
LOAD /opt/devkitpro/libgba/lib/libgba.a
START GROUP
LOAD /opt/devkitpro/devkitARM/lib/gcc/arm-none-eabi/7.1.0/thumb/libgcc.a
LOAD /opt/devkitpro/devkitARM/lib/gcc/arm-none-eabi/7.1.0/../../../../arm-none-eabi/lib/thumb/libg.a
LOAD /opt/devkitpro/devkitARM/lib/gcc/arm-none-eabi/7.1.0/../../../../arm-none-eabi/lib/thumb/libc.a
LOAD /opt/devkitpro/devkitARM/lib/gcc/arm-none-eabi/7.1.0/../../../../arm-none-eabi/lib/thumb/libsysbase.a
END GROUP
LOAD /opt/devkitpro/devkitARM/lib/gcc/arm-none-eabi/7.1.0/thumb/crtend.o
LOAD /opt/devkitpro/devkitARM/lib/gcc/arm-none-eabi/7.1.0/thumb/crtn.o
OUTPUT(/opt/devkitpro/examples/gba/audio/PlayBoyScout/PlayBoyScout.elf elf32-littlearm)

.debug_ranges   0x0000000000000000      0x700
 .debug_ranges  0x0000000000000000       0x30 PlayBoyScout.o
 .debug_ranges  0x0000000000000030       0xa8 /opt/devkitpro/libgba/lib/libgba.a(fade.o)
 .debug_ranges  0x00000000000000d8       0x48 /opt/devkitpro/libgba/lib/libgba.a(interrupt.o)
 .debug_ranges  0x0000000000000120       0x18 /opt/devkitpro/libgba/lib/libgba.a(pcx.o)
 .debug_ranges  0x0000000000000138      0x5c8 /opt/devkitpro/libgba/lib/libgba.a(BoyScout.o)
