Archive member included to satisfy reference by file (symbol)

/opt/devkitpro/libgba/lib/libgba.a(input.o)
                              pcx_view.o (scanKeys)
/opt/devkitpro/libgba/lib/libgba.a(fade.o)
                              pcx_view.o (FadeToPalette)
/opt/devkitpro/libgba/lib/libgba.a(interrupt.o)
                              pcx_view.o (irqInit)
/opt/devkitpro/libgba/lib/libgba.a(pcx.o)
                              pcx_view.o (DecodePCX)
/opt/devkitpro/libgba/lib/libgba.a(InterruptDispatcher.o)
                              /opt/devkitpro/libgba/lib/libgba.a(interrupt.o) (IntrMain)
/opt/devkitpro/devkitARM/lib/gcc/arm-none-eabi/7.1.0/thumb/libgcc.a(_divsi3.o)
                              /opt/devkitpro/libgba/lib/libgba.a(fade.o) (__aeabi_idiv)
/opt/devkitpro/devkitARM/lib/gcc/arm-none-eabi/7.1.0/thumb/libgcc.a(_dvmd_tls.o)
                              /opt/devkitpro/devkitARM/lib/gcc/arm-none-eabi/7.1.0/thumb/libgcc.a(_divsi3.o) (__aeabi_idiv0)
/opt/devkitpro/devkitARM/lib/gcc/arm-none-eabi/7.1.0/../../../../arm-none-eabi/lib/thumb/libg.a(lib_a-init.o)
                              /opt/devkitpro/devkitARM/lib/gcc/arm-none-eabi/7.1.0/../../../../arm-none-eabi/lib/thumb/gba_crt0.o (__libc_init_array)
/opt/devkitpro/devkitARM/lib/gcc/arm-none-eabi/7.1.0/../../../../arm-none-eabi/lib/thumb/libg.a(lib_a-memset.o)
                              /opt/devkitpro/libgba/lib/libgba.a(pcx.o) (memset)
/opt/devkitpro/devkitARM/lib/gcc/arm-none-eabi/7.1.0/../../../../arm-none-eabi/lib/thumb/libsysbase.a(malloc_vars.o)
                              /opt/devkitpro/devkitARM/lib/gcc/arm-none-eabi/7.1.0/../../../../arm-none-eabi/lib/thumb/gba_crt0.o (fake_heap_end)

Allocating common symbols
Common symbol       size              file

IntrTable           0x78              /opt/devkitpro/libgba/lib/libgba.a(interrupt.o)
Buf                 0xf0              /opt/devkitpro/libgba/lib/libgba.a(pcx.o)
frame               0x4               pcx_view.o
PaletteBuffer       0x200             pcx_view.o

Discarded input sections

 .text          0x0000000000000000        0x0 /opt/devkitpro/devkitARM/lib/gcc/arm-none-eabi/7.1.0/../../../../arm-none-eabi/lib/thumb/gba_crt0.o
 .data          0x0000000000000000        0x0 /opt/devkitpro/devkitARM/lib/gcc/arm-none-eabi/7.1.0/../../../../arm-none-eabi/lib/thumb/gba_crt0.o
 .bss           0x0000000000000000        0x0 /opt/devkitpro/devkitARM/lib/gcc/arm-none-eabi/7.1.0/../../../../arm-none-eabi/lib/thumb/gba_crt0.o
 .text          0x0000000000000000        0x0 /opt/devkitpro/devkitARM/lib/gcc/arm-none-eabi/7.1.0/thumb/crti.o
 .data          0x0000000000000000        0x0 /opt/devkitpro/devkitARM/lib/gcc/arm-none-eabi/7.1.0/thumb/crti.o
 .bss           0x0000000000000000        0x0 /opt/devkitpro/devkitARM/lib/gcc/arm-none-eabi/7.1.0/thumb/crti.o
 .text          0x0000000000000000        0x0 /opt/devkitpro/devkitARM/lib/gcc/arm-none-eabi/7.1.0/thumb/crtbegin.o
 .data          0x0000000000000000        0x0 /opt/devkitpro/devkitARM/lib/gcc/arm-none-eabi/7.1.0/thumb/crtbegin.o
 .bss           0x0000000000000000        0x0 /opt/devkitpro/devkitARM/lib/gcc/arm-none-eabi/7.1.0/thumb/crtbegin.o
 .data.__dso_handle
                0x0000000000000000        0x4 /opt/devkitpro/devkitARM/lib/gcc/arm-none-eabi/7.1.0/thumb/crtbegin.o
 .text          0x0000000000000000        0x0 splash.pcx.o
 .data          0x0000000000000000        0x0 splash.pcx.o
 .bss           0x0000000000000000        0x0 splash.pcx.o
 .data          0x0000000000000000        0x0 pcx_view.o
 .bss           0x0000000000000000        0x0 pcx_view.o
 .data          0x0000000000000000        0x0 /opt/devkitpro/libgba/lib/libgba.a(fade.o)
 .bss           0x0000000000000000        0x0 /opt/devkitpro/libgba/lib/libgba.a(fade.o)
 .data          0x0000000000000000        0x0 /opt/devkitpro/libgba/lib/libgba.a(interrupt.o)
 .bss           0x0000000000000000        0x0 /opt/devkitpro/libgba/lib/libgba.a(interrupt.o)
 .data          0x0000000000000000        0x0 /opt/devkitpro/libgba/lib/libgba.a(pcx.o)
 .bss           0x0000000000000000        0x0 /opt/devkitpro/libgba/lib/libgba.a(pcx.o)
 .text          0x0000000000000000        0x0 /opt/devkitpro/libgba/lib/libgba.a(InterruptDispatcher.o)
 .data          0x0000000000000000        0x0 /opt/devkitpro/libgba/lib/libgba.a(InterruptDispatcher.o)
 .bss           0x0000000000000000        0x0 /opt/devkitpro/libgba/lib/libgba.a(InterruptDispatcher.o)
 .data          0x0000000000000000        0x0 /opt/devkitpro/devkitARM/lib/gcc/arm-none-eabi/7.1.0/thumb/libgcc.a(_divsi3.o)
 .bss           0x0000000000000000        0x0 /opt/devkitpro/devkitARM/lib/gcc/arm-none-eabi/7.1.0/thumb/libgcc.a(_divsi3.o)
 .data          0x0000000000000000        0x0 /opt/devkitpro/devkitARM/lib/gcc/arm-none-eabi/7.1.0/thumb/libgcc.a(_dvmd_tls.o)
 .bss           0x0000000000000000        0x0 /opt/devkitpro/devkitARM/lib/gcc/arm-none-eabi/7.1.0/thumb/libgcc.a(_dvmd_tls.o)
 .text          0x0000000000000000        0x0 /opt/devkitpro/devkitARM/lib/gcc/arm-none-eabi/7.1.0/../../../../arm-none-eabi/lib/thumb/libg.a(lib_a-init.o)
 .data          0x0000000000000000        0x0 /opt/devkitpro/devkitARM/lib/gcc/arm-none-eabi/7.1.0/../../../../arm-none-eabi/lib/thumb/libg.a(lib_a-init.o)
 .bss           0x0000000000000000        0x0 /opt/devkitpro/devkitARM/lib/gcc/arm-none-eabi/7.1.0/../../../../arm-none-eabi/lib/thumb/libg.a(lib_a-init.o)
 .text          0x0000000000000000        0x0 /opt/devkitpro/devkitARM/lib/gcc/arm-none-eabi/7.1.0/../../../../arm-none-eabi/lib/thumb/libg.a(lib_a-memset.o)
 .data          0x0000000000000000        0x0 /opt/devkitpro/devkitARM/lib/gcc/arm-none-eabi/7.1.0/../../../../arm-none-eabi/lib/thumb/libg.a(lib_a-memset.o)
 .bss           0x0000000000000000        0x0 /opt/devkitpro/devkitARM/lib/gcc/arm-none-eabi/7.1.0/../../../../arm-none-eabi/lib/thumb/libg.a(lib_a-memset.o)
 .text          0x0000000000000000        0x0 /opt/devkitpro/devkitARM/lib/gcc/arm-none-eabi/7.1.0/../../../../arm-none-eabi/lib/thumb/libsysbase.a(malloc_vars.o)
 .data          0x0000000000000000        0x0 /opt/devkitpro/devkitARM/lib/gcc/arm-none-eabi/7.1.0/../../../../arm-none-eabi/lib/thumb/libsysbase.a(malloc_vars.o)
 .bss           0x0000000000000000        0x0 /opt/devkitpro/devkitARM/lib/gcc/arm-none-eabi/7.1.0/../../../../arm-none-eabi/lib/thumb/libsysbase.a(malloc_vars.o)
 .bss.fake_heap_start
                0x0000000000000000        0x4 /opt/devkitpro/devkitARM/lib/gcc/arm-none-eabi/7.1.0/../../../../arm-none-eabi/lib/thumb/libsysbase.a(malloc_vars.o)
 .text          0x0000000000000000        0x0 /opt/devkitpro/devkitARM/lib/gcc/arm-none-eabi/7.1.0/thumb/crtend.o
 .data          0x0000000000000000        0x0 /opt/devkitpro/devkitARM/lib/gcc/arm-none-eabi/7.1.0/thumb/crtend.o
 .bss           0x0000000000000000        0x0 /opt/devkitpro/devkitARM/lib/gcc/arm-none-eabi/7.1.0/thumb/crtend.o
 .text          0x0000000000000000        0x0 /opt/devkitpro/devkitARM/lib/gcc/arm-none-eabi/7.1.0/thumb/crtn.o
 .data          0x0000000000000000        0x0 /opt/devkitpro/devkitARM/lib/gcc/arm-none-eabi/7.1.0/thumb/crtn.o
 .bss           0x0000000000000000        0x0 /opt/devkitpro/devkitARM/lib/gcc/arm-none-eabi/7.1.0/thumb/crtn.o

Memory Configuration

Name             Origin             Length             Attributes
rom              0x0000000008000000 0x0000000002000000
iwram            0x0000000003000000 0x0000000000008000
ewram            0x0000000002000000 0x0000000000040000
*default*        0x0000000000000000 0xffffffffffffffff

Linker script and memory map

                0x0000000008000000                __text_start = ORIGIN (rom)
                0x0000000002040000                __eheap_end = (ORIGIN (ewram) + LENGTH (ewram))
                0x0000000003000000                __iwram_start = ORIGIN (iwram)
                0x0000000003008000                __iwram_top = (ORIGIN (iwram) + LENGTH (iwram))
                0x0000000003007fa0                __sp_irq = (__iwram_top - 0x60)
                0x0000000003007f00                __sp_usr = (__sp_irq - 0xa0)
                0x0000000003007ff8                __irq_flags = 0x3007ff8
                0x0000000008000000                . = __text_start

.crt0           0x0000000008000000      0x210
 *(.crt0)
 .crt0          0x0000000008000000      0x210 /opt/devkitpro/devkitARM/lib/gcc/arm-none-eabi/7.1.0/../../../../arm-none-eabi/lib/thumb/gba_crt0.o
                0x0000000008000000                _start
                0x00000000080000c4                __boot_method
                0x00000000080000c5                __slave_number
                0x00000000080000e0                start_vector
                0x0000000008000210                . = ALIGN (0x4)

.init           0x0000000008000210        0xc
 *(SORT(.init))
 .init          0x0000000008000210        0x4 /opt/devkitpro/devkitARM/lib/gcc/arm-none-eabi/7.1.0/thumb/crti.o
                0x0000000008000210                _init
 .init          0x0000000008000214        0x8 /opt/devkitpro/devkitARM/lib/gcc/arm-none-eabi/7.1.0/thumb/crtn.o

.plt            0x000000000800021c        0x0
 *(.plt)
                0x000000000800021c                . = ALIGN (0x4)

.text           0x0000000008000220      0xc28
 *(EXCLUDE_FILE(*.iwram*) .text)
 .text          0x0000000008000220       0x18 pcx_view.o
                0x0000000008000220                VblankInterrupt
 .text          0x0000000008000238       0xbc /opt/devkitpro/libgba/lib/libgba.a(input.o)
                0x0000000008000238                setRepeat
                0x0000000008000244                scanKeys
                0x00000000080002b8                keysDownRepeat
                0x00000000080002c8                keysDown
                0x00000000080002d8                keysUp
                0x00000000080002e8                keysHeld
 .text          0x00000000080002f4      0x278 /opt/devkitpro/libgba/lib/libgba.a(fade.o)
                0x00000000080002f4                SetPalette
                0x000000000800030c                FadeToGrayScale
                0x000000000800042c                FadeToPalette
 .text          0x000000000800056c      0x3bc /opt/devkitpro/libgba/lib/libgba.a(interrupt.o)
                0x000000000800056c                dummy
                0x0000000008000570                InitInterrupt
                0x00000000080005cc                irqInit
                0x0000000008000628                SetInterrupt
                0x000000000800070c                irqSet
                0x00000000080007f0                EnableInterrupt
                0x000000000800083c                irqEnable
                0x0000000008000890                DisableInterrupt
                0x00000000080008dc                irqDisable
 .text          0x0000000008000928      0x1b4 /opt/devkitpro/libgba/lib/libgba.a(pcx.o)
                0x0000000008000928                DecodePCX
 .text          0x0000000008000adc      0x150 /opt/devkitpro/devkitARM/lib/gcc/arm-none-eabi/7.1.0/thumb/libgcc.a(_divsi3.o)
                0x0000000008000adc                __aeabi_idiv
                0x0000000008000adc                __divsi3
                0x0000000008000c0c                __aeabi_idivmod
 .text          0x0000000008000c2c        0x4 /opt/devkitpro/devkitARM/lib/gcc/arm-none-eabi/7.1.0/thumb/libgcc.a(_dvmd_tls.o)
                0x0000000008000c2c                __aeabi_ldiv0
                0x0000000008000c2c                __aeabi_idiv0
 *(.text .stub .text.* .gnu.linkonce.t.*)
 .text.deregister_tm_clones
                0x0000000008000c30       0x2c /opt/devkitpro/devkitARM/lib/gcc/arm-none-eabi/7.1.0/thumb/crtbegin.o
 .text.register_tm_clones
                0x0000000008000c5c       0x34 /opt/devkitpro/devkitARM/lib/gcc/arm-none-eabi/7.1.0/thumb/crtbegin.o
 .text.__do_global_dtors_aux
                0x0000000008000c90       0x30 /opt/devkitpro/devkitARM/lib/gcc/arm-none-eabi/7.1.0/thumb/crtbegin.o
 .text.frame_dummy
                0x0000000008000cc0       0x28 /opt/devkitpro/devkitARM/lib/gcc/arm-none-eabi/7.1.0/thumb/crtbegin.o
 .text.startup  0x0000000008000ce8       0x50 pcx_view.o
                0x0000000008000ce8                main
 .text.__libc_init_array
                0x0000000008000d38       0x54 /opt/devkitpro/devkitARM/lib/gcc/arm-none-eabi/7.1.0/../../../../arm-none-eabi/lib/thumb/libg.a(lib_a-init.o)
                0x0000000008000d38                __libc_init_array
 .text.memset   0x0000000008000d8c       0xa4 /opt/devkitpro/devkitARM/lib/gcc/arm-none-eabi/7.1.0/../../../../arm-none-eabi/lib/thumb/libg.a(lib_a-memset.o)
                0x0000000008000d8c                memset
 .text.memset.__stub
                0x0000000008000e30       0x14 linker stubs
 *(.text.*personality*)
 *(.gnu.warning)
 *(.glue_7t)
 .glue_7t       0x0000000008000e48        0x0 linker stubs
 *(.glue_7)
 .glue_7        0x0000000008000e48        0x0 linker stubs
 *(.vfp11_veneer)
 .vfp11_veneer  0x0000000008000e48        0x0 linker stubs
                0x0000000008000e48                . = ALIGN (0x4)
                0x0000000008000e48                __text_end = .

.v4_bx          0x0000000008000e48        0x0
 .v4_bx         0x0000000008000e48        0x0 linker stubs

.iplt           0x0000000008000e48        0x0
 .iplt          0x0000000008000e48        0x0 /opt/devkitpro/devkitARM/lib/gcc/arm-none-eabi/7.1.0/../../../../arm-none-eabi/lib/thumb/gba_crt0.o

.fini           0x0000000008000e48        0xc
 *(.fini)
 .fini          0x0000000008000e48        0x4 /opt/devkitpro/devkitARM/lib/gcc/arm-none-eabi/7.1.0/thumb/crti.o
                0x0000000008000e48                _fini
 .fini          0x0000000008000e4c        0x8 /opt/devkitpro/devkitARM/lib/gcc/arm-none-eabi/7.1.0/thumb/crtn.o
                0x0000000008000e54                . = ALIGN (0x4)

.rodata         0x0000000008000e54     0x24fc
 *(.rodata)
 .rodata        0x0000000008000e54     0x24fc splash.pcx.o
                0x0000000008000e54                splash_pcx
                0x0000000008003349                splash_pcx_end
                0x000000000800334c                splash_pcx_size
 *all.rodata*(*)
 *(.roda)
 *(.rodata.*)
 *(.gnu.linkonce.r*)
                0x0000000008003350                . = ALIGN (0x4)

.ARM.extab
 *(.ARM.extab* .gnu.linkonce.armextab.*)
                0x0000000008003350                __exidx_start = .

.ARM.exidx
 *(.ARM.exidx* .gnu.linkonce.armexidx.*)
                0x0000000008003350                __exidx_end = .

.ctors          0x0000000008003350        0x0
 *crtbegin.o(.ctors)
 *(EXCLUDE_FILE(*crtend.o) .ctors)
 *(SORT(.ctors.*))
 *(.ctors)
                0x0000000008003350                . = ALIGN (0x4)

.dtors          0x0000000008003350        0x0
 *crtbegin.o(.dtors)
 *(EXCLUDE_FILE(*crtend.o) .dtors)
 *(SORT(.dtors.*))
 *(.dtors)
                0x0000000008003350                . = ALIGN (0x4)

.eh_frame       0x0000000008003350        0x4
 *(.eh_frame)
 .eh_frame      0x0000000008003350        0x0 /opt/devkitpro/devkitARM/lib/gcc/arm-none-eabi/7.1.0/thumb/crtbegin.o
 .eh_frame      0x0000000008003350        0x4 /opt/devkitpro/devkitARM/lib/gcc/arm-none-eabi/7.1.0/thumb/crtend.o
                0x0000000008003354                . = ALIGN (0x4)

.gcc_except_table
                0x0000000008003354        0x0
 *(.gcc_except_table)
                0x0000000008003354                . = ALIGN (0x4)
                0x0000000008003354                __iwram_lma = .

.iwram          0x0000000003000000       0xb8 load address 0x0000000008003354
                0x0000000003000000                __iwram_start__ = ABSOLUTE (.)
 *(.iwram)
 .iwram         0x0000000003000000       0xb8 /opt/devkitpro/libgba/lib/libgba.a(InterruptDispatcher.o)
                0x0000000003000000                IntrMain
 *iwram.*(.text)
                0x00000000030000b8                . = ALIGN (0x4)
                0x00000000030000b8                __iwram_end__ = ABSOLUTE (.)
                0x000000000800340c                __data_lma = (__iwram_lma + SIZEOF (.iwram))

.rel.dyn        0x00000000030000b8        0x0 load address 0x000000000800340c
 .rel.iplt      0x00000000030000b8        0x0 /opt/devkitpro/devkitARM/lib/gcc/arm-none-eabi/7.1.0/../../../../arm-none-eabi/lib/thumb/gba_crt0.o

.bss            0x00000000030000b8      0x398
                0x00000000030000b8                __bss_start = ABSOLUTE (.)
                0x00000000030000b8                __bss_start__ = ABSOLUTE (.)
 *(.dynbss)
 *(.gnu.linkonce.b*)
 *(.bss*)
 .bss.completed.6484
                0x00000000030000b8        0x1 /opt/devkitpro/devkitARM/lib/gcc/arm-none-eabi/7.1.0/thumb/crtbegin.o
 *fill*         0x00000000030000b9        0x3 
 .bss.object.6489
                0x00000000030000bc       0x18 /opt/devkitpro/devkitARM/lib/gcc/arm-none-eabi/7.1.0/thumb/crtbegin.o
 .bss           0x00000000030000d4        0xa /opt/devkitpro/libgba/lib/libgba.a(input.o)
 *fill*         0x00000000030000de        0x2 
 .bss.fake_heap_end
                0x00000000030000e0        0x4 /opt/devkitpro/devkitARM/lib/gcc/arm-none-eabi/7.1.0/../../../../arm-none-eabi/lib/thumb/libsysbase.a(malloc_vars.o)
                0x00000000030000e0                fake_heap_end
 *(COMMON)
 COMMON         0x00000000030000e4      0x204 pcx_view.o
                0x00000000030000e4                frame
                0x00000000030000e8                PaletteBuffer
 COMMON         0x00000000030002e8       0x78 /opt/devkitpro/libgba/lib/libgba.a(interrupt.o)
                0x00000000030002e8                IntrTable
 COMMON         0x0000000003000360       0xf0 /opt/devkitpro/libgba/lib/libgba.a(pcx.o)
                0x0000000003000360                Buf
                0x0000000003000450                . = ALIGN (0x4)
                0x0000000003000450                __bss_end__ = ABSOLUTE (.)

.data           0x0000000003000450        0x4 load address 0x000000000800340c
                0x0000000003000450                __data_start__ = ABSOLUTE (.)
 *(.data)
 .data          0x0000000003000450        0x3 /opt/devkitpro/libgba/lib/libgba.a(input.o)
 *(.data.*)
 *(.gnu.linkonce.d*)
                0x0000000003000454                . = ALIGN (0x4)
 *fill*         0x0000000003000453        0x1 ff
                0x0000000008003410                __preinit_lma = (__data_lma + SIZEOF (.data))

.igot.plt       0x0000000003000454        0x0 load address 0x0000000008003410
 .igot.plt      0x0000000003000454        0x0 /opt/devkitpro/devkitARM/lib/gcc/arm-none-eabi/7.1.0/../../../../arm-none-eabi/lib/thumb/gba_crt0.o

.tm_clone_table
                0x0000000003000454        0x0 load address 0x0000000008003410
 .tm_clone_table
                0x0000000003000454        0x0 /opt/devkitpro/devkitARM/lib/gcc/arm-none-eabi/7.1.0/thumb/crtbegin.o
 .tm_clone_table
                0x0000000003000454        0x0 /opt/devkitpro/devkitARM/lib/gcc/arm-none-eabi/7.1.0/thumb/crtend.o

.preinit_array  0x0000000003000454        0x0 load address 0x0000000008003410
                0x0000000003000454                __preinit_array_start = ABSOLUTE (.)
 *(.preinit_array)
                0x0000000003000454                __preinit_array_end = ABSOLUTE (.)
                0x0000000008003410                __init_lma = (__preinit_lma + SIZEOF (.preinit_array))

.init_array     0x0000000003000454        0x4 load address 0x0000000008003410
                0x0000000003000454                __init_array_start = ABSOLUTE (.)
 *(SORT(.init_array.*))
 *(.init_array)
 .init_array    0x0000000003000454        0x4 /opt/devkitpro/devkitARM/lib/gcc/arm-none-eabi/7.1.0/thumb/crtbegin.o
                0x0000000003000458                __init_array_end = ABSOLUTE (.)
                0x0000000008003414                __fini_lma = (__init_lma + SIZEOF (.init_array))

.fini_array     0x0000000003000458        0x4 load address 0x0000000008003414
                0x0000000003000458                __fini_array_start = ABSOLUTE (.)
 *(SORT(.fini_array.*))
 *(.fini_array)
 .fini_array    0x0000000003000458        0x4 /opt/devkitpro/devkitARM/lib/gcc/arm-none-eabi/7.1.0/thumb/crtbegin.o
                0x000000000300045c                __fini_array_end = ABSOLUTE (.)
                0x0000000008003418                __jcr_lma = (__fini_lma + SIZEOF (.fini_array))

.jcr            0x000000000300045c        0x0 load address 0x0000000008003418
 *(.jcr)
                0x000000000300045c                __data_end__ = ABSOLUTE (.)
                0x0000000008003418                __iwram_overlay_lma = (__jcr_lma + SIZEOF (.jcr))
                0x000000000300045c                __iwram_overlay_start = .

.iwram0         0x000000000300045c        0x0 load address 0x0000000008003418
 *(.iwram0)
                0x000000000300045c                . = ALIGN (0x4)
                0x0000000008003418                PROVIDE (__load_start_iwram0, LOADADDR (.iwram0))
                0x0000000008003418                PROVIDE (__load_stop_iwram0, (LOADADDR (.iwram0) + SIZEOF (.iwram0)))

.iwram1         0x000000000300045c        0x0
 *(.iwram1)
                0x000000000300045c                . = ALIGN (0x4)
                [!provide]                        PROVIDE (__load_start_iwram1, LOADADDR (.iwram1))
                [!provide]                        PROVIDE (__load_stop_iwram1, (LOADADDR (.iwram1) + SIZEOF (.iwram1)))

.iwram2         0x000000000300045c        0x0
 *(.iwram2)
                0x000000000300045c                . = ALIGN (0x4)
                [!provide]                        PROVIDE (__load_start_iwram2, LOADADDR (.iwram2))
                [!provide]                        PROVIDE (__load_stop_iwram2, (LOADADDR (.iwram2) + SIZEOF (.iwram2)))

.iwram3         0x000000000300045c        0x0
 *(.iwram3)
                0x000000000300045c                . = ALIGN (0x4)
                [!provide]                        PROVIDE (__load_start_iwram3, LOADADDR (.iwram3))
                [!provide]                        PROVIDE (__load_stop_iwram3, (LOADADDR (.iwram3) + SIZEOF (.iwram3)))

.iwram4         0x000000000300045c        0x0
 *(.iwram4)
                0x000000000300045c                . = ALIGN (0x4)
                [!provide]                        PROVIDE (__load_start_iwram4, LOADADDR (.iwram4))
                [!provide]                        PROVIDE (__load_stop_iwram4, (LOADADDR (.iwram4) + SIZEOF (.iwram4)))

.iwram5         0x000000000300045c        0x0
 *(.iwram5)
                0x000000000300045c                . = ALIGN (0x4)
                [!provide]                        PROVIDE (__load_start_iwram5, LOADADDR (.iwram5))
                [!provide]                        PROVIDE (__load_stop_iwram5, (LOADADDR (.iwram5) + SIZEOF (.iwram5)))

.iwram6         0x000000000300045c        0x0
 *(.iwram6)
                0x000000000300045c                . = ALIGN (0x4)
                [!provide]                        PROVIDE (__load_start_iwram6, LOADADDR (.iwram6))
                [!provide]                        PROVIDE (__load_stop_iwram6, (LOADADDR (.iwram6) + SIZEOF (.iwram6)))

.iwram7         0x000000000300045c        0x0
 *(.iwram7)
                0x000000000300045c                . = ALIGN (0x4)
                [!provide]                        PROVIDE (__load_start_iwram7, LOADADDR (.iwram7))
                [!provide]                        PROVIDE (__load_stop_iwram7, (LOADADDR (.iwram7) + SIZEOF (.iwram7)))

.iwram8         0x000000000300045c        0x0
 *(.iwram8)
                0x000000000300045c                . = ALIGN (0x4)
                [!provide]                        PROVIDE (__load_start_iwram8, LOADADDR (.iwram8))
                [!provide]                        PROVIDE (__load_stop_iwram8, (LOADADDR (.iwram8) + SIZEOF (.iwram8)))

.iwram9         0x000000000300045c        0x0
 *(.iwram9)
                0x000000000300045c                . = ALIGN (0x4)
                [!provide]                        PROVIDE (__load_start_iwram9, LOADADDR (.iwram9))
                [!provide]                        PROVIDE (__load_stop_iwram9, (LOADADDR (.iwram9) + SIZEOF (.iwram9)))
                0x000000000300045c                __iwram_overlay_end = .
                0x0000000008003418                __ewram_lma = (__iwram_overlay_lma + (__iwram_overlay_end - __iwram_overlay_start))
                0x000000000300045c                __iheap_start = .
                0x0000000002000000                __ewram_start = ORIGIN (ewram)

.ewram          0x0000000002000000        0x0 load address 0x0000000008003418
 *(.ewram)
                0x0000000002000000                . = ALIGN (0x4)
                0x0000000002000000                __ewram_end = ABSOLUTE (.)
                0x0000000008003418                __pad_lma = (__ewram_lma + SIZEOF (.ewram))

.sbss           0x0000000002000000     0x1c00
                0x0000000002000000                __sbss_start__ = ABSOLUTE (.)
 *(.sbss)
 .sbss          0x0000000002000000     0x1c00 /opt/devkitpro/libgba/lib/libgba.a(fade.o)
                0x0000000002000000                FadeTable
                0x0000000002001800                CurrentPalette
                0x0000000002001c00                . = ALIGN (0x4)
                0x0000000002001c00                __sbss_end__ = ABSOLUTE (.)
                0x0000000002001c00                __end__ = ABSOLUTE (.)
                0x0000000002001c00                __eheap_start = ABSOLUTE (.)

.pad            0x0000000002001c00        0x8 load address 0x0000000008003418
                0x0000000002001c00        0x4 LONG 0x52416b64
                0x0000000002001c04        0x4 LONG 0x4d
                0x0000000002001c08                . = ALIGN (0x4)
                0x0000000008003420                __rom_end__ = (__pad_lma + SIZEOF (.pad))

.stab
 *(.stab)

.stabstr
 *(.stabstr)

.stab.excl
 *(.stab.excl)

.stab.exclstr
 *(.stab.exclstr)

.stab.index
 *(.stab.index)

.stab.indexstr
 *(.stab.indexstr)

.comment        0x0000000000000000       0x44
 *(.comment)
 .comment       0x0000000000000000       0x22 /opt/devkitpro/devkitARM/lib/gcc/arm-none-eabi/7.1.0/thumb/crtbegin.o
                                         0x23 (size before relaxing)
 .comment       0x0000000000000022       0x23 pcx_view.o
 .comment       0x0000000000000022       0x22 /opt/devkitpro/libgba/lib/libgba.a(input.o)
                                         0x23 (size before relaxing)
 .comment       0x0000000000000044       0x23 /opt/devkitpro/libgba/lib/libgba.a(fade.o)
 .comment       0x0000000000000044       0x23 /opt/devkitpro/libgba/lib/libgba.a(interrupt.o)
 .comment       0x0000000000000044       0x23 /opt/devkitpro/libgba/lib/libgba.a(pcx.o)
 .comment       0x0000000000000044       0x23 /opt/devkitpro/devkitARM/lib/gcc/arm-none-eabi/7.1.0/../../../../arm-none-eabi/lib/thumb/libg.a(lib_a-init.o)
 .comment       0x0000000000000044       0x23 /opt/devkitpro/devkitARM/lib/gcc/arm-none-eabi/7.1.0/../../../../arm-none-eabi/lib/thumb/libg.a(lib_a-memset.o)
 .comment       0x0000000000000044       0x23 /opt/devkitpro/devkitARM/lib/gcc/arm-none-eabi/7.1.0/../../../../arm-none-eabi/lib/thumb/libsysbase.a(malloc_vars.o)
 .comment       0x0000000000000044       0x23 /opt/devkitpro/devkitARM/lib/gcc/arm-none-eabi/7.1.0/thumb/crtend.o

.debug
 *(.debug)

.line
 *(.line)

.debug_srcinfo
 *(.debug_srcinfo)

.debug_sfnames
 *(.debug_sfnames)

.debug_aranges  0x0000000000000000       0xc8
 *(.debug_aranges)
 .debug_aranges
                0x0000000000000000       0x28 pcx_view.o
 .debug_aranges
                0x0000000000000028       0x20 /opt/devkitpro/libgba/lib/libgba.a(input.o)
 .debug_aranges
                0x0000000000000048       0x20 /opt/devkitpro/libgba/lib/libgba.a(fade.o)
 .debug_aranges
                0x0000000000000068       0x20 /opt/devkitpro/libgba/lib/libgba.a(interrupt.o)
 .debug_aranges
                0x0000000000000088       0x20 /opt/devkitpro/libgba/lib/libgba.a(pcx.o)
 .debug_aranges
                0x00000000000000a8       0x20 /opt/devkitpro/libgba/lib/libgba.a(InterruptDispatcher.o)

.debug_pubnames
 *(.debug_pubnames)

.debug_info     0x0000000000000000     0x1b88
 *(.debug_info)
 .debug_info    0x0000000000000000      0xc89 pcx_view.o
 .debug_info    0x0000000000000c89      0x234 /opt/devkitpro/libgba/lib/libgba.a(input.o)
 .debug_info    0x0000000000000ebd      0x53f /opt/devkitpro/libgba/lib/libgba.a(fade.o)
 .debug_info    0x00000000000013fc      0x3a6 /opt/devkitpro/libgba/lib/libgba.a(interrupt.o)
 .debug_info    0x00000000000017a2      0x346 /opt/devkitpro/libgba/lib/libgba.a(pcx.o)
 .debug_info    0x0000000000001ae8       0xa0 /opt/devkitpro/libgba/lib/libgba.a(InterruptDispatcher.o)

.debug_abbrev   0x0000000000000000      0x852
 *(.debug_abbrev)
 .debug_abbrev  0x0000000000000000      0x2a6 pcx_view.o
 .debug_abbrev  0x00000000000002a6      0x118 /opt/devkitpro/libgba/lib/libgba.a(input.o)
 .debug_abbrev  0x00000000000003be      0x197 /opt/devkitpro/libgba/lib/libgba.a(fade.o)
 .debug_abbrev  0x0000000000000555      0x1cf /opt/devkitpro/libgba/lib/libgba.a(interrupt.o)
 .debug_abbrev  0x0000000000000724      0x11a /opt/devkitpro/libgba/lib/libgba.a(pcx.o)
 .debug_abbrev  0x000000000000083e       0x14 /opt/devkitpro/libgba/lib/libgba.a(InterruptDispatcher.o)

.debug_line     0x0000000000000000      0xbc0
 *(.debug_line)
 .debug_line    0x0000000000000000      0x2ad pcx_view.o
 .debug_line    0x00000000000002ad      0x187 /opt/devkitpro/libgba/lib/libgba.a(input.o)
 .debug_line    0x0000000000000434      0x319 /opt/devkitpro/libgba/lib/libgba.a(fade.o)
 .debug_line    0x000000000000074d      0x1ec /opt/devkitpro/libgba/lib/libgba.a(interrupt.o)
 .debug_line    0x0000000000000939      0x1e2 /opt/devkitpro/libgba/lib/libgba.a(pcx.o)
 .debug_line    0x0000000000000b1b       0xa5 /opt/devkitpro/libgba/lib/libgba.a(InterruptDispatcher.o)

.debug_frame    0x0000000000000000      0x224
 *(.debug_frame)
 .debug_frame   0x0000000000000000       0x40 pcx_view.o
 .debug_frame   0x0000000000000040       0x80 /opt/devkitpro/libgba/lib/libgba.a(input.o)
 .debug_frame   0x00000000000000c0       0x78 /opt/devkitpro/libgba/lib/libgba.a(fade.o)
 .debug_frame   0x0000000000000138       0xb0 /opt/devkitpro/libgba/lib/libgba.a(interrupt.o)
 .debug_frame   0x00000000000001e8       0x3c /opt/devkitpro/libgba/lib/libgba.a(pcx.o)

.debug_str      0x0000000000000000      0xb53
 *(.debug_str)
 .debug_str     0x0000000000000000      0x7e1 pcx_view.o
                                        0x860 (size before relaxing)
 .debug_str     0x00000000000007e1       0xd9 /opt/devkitpro/libgba/lib/libgba.a(input.o)
                                        0x1b1 (size before relaxing)
 .debug_str     0x00000000000008ba       0xc4 /opt/devkitpro/libgba/lib/libgba.a(fade.o)
                                        0x1e7 (size before relaxing)
 .debug_str     0x000000000000097e       0xeb /opt/devkitpro/libgba/lib/libgba.a(interrupt.o)
                                        0x2af (size before relaxing)
 .debug_str     0x0000000000000a69       0xea /opt/devkitpro/libgba/lib/libgba.a(pcx.o)
                                        0x202 (size before relaxing)

.debug_loc      0x0000000000000000     0x1060
 *(.debug_loc)
 .debug_loc     0x0000000000000000       0x16 pcx_view.o
 .debug_loc     0x0000000000000016       0x27 /opt/devkitpro/libgba/lib/libgba.a(input.o)
 .debug_loc     0x000000000000003d      0x6d9 /opt/devkitpro/libgba/lib/libgba.a(fade.o)
 .debug_loc     0x0000000000000716      0x3a6 /opt/devkitpro/libgba/lib/libgba.a(interrupt.o)
 .debug_loc     0x0000000000000abc      0x5a4 /opt/devkitpro/libgba/lib/libgba.a(pcx.o)

.debug_macinfo
 *(.debug_macinfo)

.debug_weaknames
 *(.debug_weaknames)

.debug_funcnames
 *(.debug_funcnames)

.debug_typenames
 *(.debug_typenames)

.debug_varnames
 *(.debug_varnames)

.stack          0x0000000000080000        0x0
                0x0000000000080000                _stack = .
 *(.stack)

.note.gnu.arm.ident
 *(.note.gnu.arm.ident)

.ARM.attributes
                0x0000000000000000       0x2c
 *(.ARM.attributes)
 .ARM.attributes
                0x0000000000000000       0x20 /opt/devkitpro/devkitARM/lib/gcc/arm-none-eabi/7.1.0/../../../../arm-none-eabi/lib/thumb/gba_crt0.o
 .ARM.attributes
                0x0000000000000020       0x16 /opt/devkitpro/devkitARM/lib/gcc/arm-none-eabi/7.1.0/thumb/crti.o
 .ARM.attributes
                0x0000000000000036       0x30 /opt/devkitpro/devkitARM/lib/gcc/arm-none-eabi/7.1.0/thumb/crtbegin.o
 .ARM.attributes
                0x0000000000000066       0x14 splash.pcx.o
 .ARM.attributes
                0x000000000000007a       0x2c pcx_view.o
 .ARM.attributes
                0x00000000000000a6       0x30 /opt/devkitpro/libgba/lib/libgba.a(input.o)
 .ARM.attributes
                0x00000000000000d6       0x30 /opt/devkitpro/libgba/lib/libgba.a(fade.o)
 .ARM.attributes
                0x0000000000000106       0x30 /opt/devkitpro/libgba/lib/libgba.a(interrupt.o)
 .ARM.attributes
                0x0000000000000136       0x30 /opt/devkitpro/libgba/lib/libgba.a(pcx.o)
 .ARM.attributes
                0x0000000000000166       0x16 /opt/devkitpro/libgba/lib/libgba.a(InterruptDispatcher.o)
 .ARM.attributes
                0x000000000000017c       0x18 /opt/devkitpro/devkitARM/lib/gcc/arm-none-eabi/7.1.0/thumb/libgcc.a(_divsi3.o)
 .ARM.attributes
                0x0000000000000194       0x16 /opt/devkitpro/devkitARM/lib/gcc/arm-none-eabi/7.1.0/thumb/libgcc.a(_dvmd_tls.o)
 .ARM.attributes
                0x00000000000001aa       0x30 /opt/devkitpro/devkitARM/lib/gcc/arm-none-eabi/7.1.0/../../../../arm-none-eabi/lib/thumb/libg.a(lib_a-init.o)
 .ARM.attributes
                0x00000000000001da       0x30 /opt/devkitpro/devkitARM/lib/gcc/arm-none-eabi/7.1.0/../../../../arm-none-eabi/lib/thumb/libg.a(lib_a-memset.o)
 .ARM.attributes
                0x000000000000020a       0x30 /opt/devkitpro/devkitARM/lib/gcc/arm-none-eabi/7.1.0/../../../../arm-none-eabi/lib/thumb/libsysbase.a(malloc_vars.o)
 .ARM.attributes
                0x000000000000023a       0x30 /opt/devkitpro/devkitARM/lib/gcc/arm-none-eabi/7.1.0/thumb/crtend.o
 .ARM.attributes
                0x000000000000026a       0x16 /opt/devkitpro/devkitARM/lib/gcc/arm-none-eabi/7.1.0/thumb/crtn.o

/DISCARD/
 *(.note.GNU-stack)
LOAD /opt/devkitpro/devkitARM/lib/gcc/arm-none-eabi/7.1.0/../../../../arm-none-eabi/lib/thumb/gba_crt0.o
LOAD /opt/devkitpro/devkitARM/lib/gcc/arm-none-eabi/7.1.0/thumb/crti.o
LOAD /opt/devkitpro/devkitARM/lib/gcc/arm-none-eabi/7.1.0/thumb/crtbegin.o
LOAD splash.pcx.o
LOAD pcx_view.o
LOAD /opt/devkitpro/libgba/lib/libmm.a
LOAD /opt/devkitpro/libgba/lib/libgba.a
START GROUP
LOAD /opt/devkitpro/devkitARM/lib/gcc/arm-none-eabi/7.1.0/thumb/libgcc.a
LOAD /opt/devkitpro/devkitARM/lib/gcc/arm-none-eabi/7.1.0/../../../../arm-none-eabi/lib/thumb/libg.a
LOAD /opt/devkitpro/devkitARM/lib/gcc/arm-none-eabi/7.1.0/../../../../arm-none-eabi/lib/thumb/libc.a
LOAD /opt/devkitpro/devkitARM/lib/gcc/arm-none-eabi/7.1.0/../../../../arm-none-eabi/lib/thumb/libsysbase.a
END GROUP
LOAD /opt/devkitpro/devkitARM/lib/gcc/arm-none-eabi/7.1.0/thumb/crtend.o
LOAD /opt/devkitpro/devkitARM/lib/gcc/arm-none-eabi/7.1.0/thumb/crtn.o
OUTPUT(/opt/devkitpro/examples/gba/graphics/PCXView/PCXView.elf elf32-littlearm)

.debug_ranges   0x0000000000000000      0x138
 .debug_ranges  0x0000000000000000       0x30 pcx_view.o
 .debug_ranges  0x0000000000000030       0xa8 /opt/devkitpro/libgba/lib/libgba.a(fade.o)
 .debug_ranges  0x00000000000000d8       0x48 /opt/devkitpro/libgba/lib/libgba.a(interrupt.o)
 .debug_ranges  0x0000000000000120       0x18 /opt/devkitpro/libgba/lib/libgba.a(pcx.o)
