Archive member included to satisfy reference by file (symbol)

/opt/devkitpro/libgba/lib/libgba.a(input.o)
                              XbooLoad.o (keysDown)
/opt/devkitpro/libgba/lib/libgba.a(fade.o)
                              XbooLoad.o (FadeToGrayScale)
/opt/devkitpro/libgba/lib/libgba.a(xcomms.o)
                              XbooLoad.o (xcomms_init)
/opt/devkitpro/libgba/lib/libgba.a(interrupt.o)
                              XbooLoad.o (irqInit)
/opt/devkitpro/libgba/lib/libgba.a(pcx.o)
                              XbooLoad.o (DecodePCX)
/opt/devkitpro/libgba/lib/libgba.a(xcomms_print.o)
                              XbooLoad.o (xcomms_dprintf)
/opt/devkitpro/libgba/lib/libgba.a(InterruptDispatcher.o)
                              /opt/devkitpro/libgba/lib/libgba.a(interrupt.o) (IntrMain)
/opt/devkitpro/devkitARM/lib/gcc/arm-none-eabi/7.1.0/thumb/libgcc.a(_divsi3.o)
                              /opt/devkitpro/libgba/lib/libgba.a(fade.o) (__aeabi_idiv)
/opt/devkitpro/devkitARM/lib/gcc/arm-none-eabi/7.1.0/thumb/libgcc.a(_dvmd_tls.o)
                              /opt/devkitpro/devkitARM/lib/gcc/arm-none-eabi/7.1.0/thumb/libgcc.a(_divsi3.o) (__aeabi_idiv0)
/opt/devkitpro/devkitARM/lib/gcc/arm-none-eabi/7.1.0/../../../../arm-none-eabi/lib/thumb/libg.a(lib_a-init.o)
                              /opt/devkitpro/devkitARM/lib/gcc/arm-none-eabi/7.1.0/../../../../arm-none-eabi/lib/thumb/gba_crt0.o (__libc_init_array)
/opt/devkitpro/devkitARM/lib/gcc/arm-none-eabi/7.1.0/../../../../arm-none-eabi/lib/thumb/libg.a(lib_a-malloc.o)
                              XbooLoad.o (malloc)
/opt/devkitpro/devkitARM/lib/gcc/arm-none-eabi/7.1.0/../../../../arm-none-eabi/lib/thumb/libg.a(lib_a-mallocr.o)
                              /opt/devkitpro/devkitARM/lib/gcc/arm-none-eabi/7.1.0/../../../../arm-none-eabi/lib/thumb/libg.a(lib_a-malloc.o) (_malloc_r)
/opt/devkitpro/devkitARM/lib/gcc/arm-none-eabi/7.1.0/../../../../arm-none-eabi/lib/thumb/libg.a(lib_a-memcpy-stub.o)
                              /opt/devkitpro/libgba/lib/libgba.a(xcomms.o) (memcpy)
/opt/devkitpro/devkitARM/lib/gcc/arm-none-eabi/7.1.0/../../../../arm-none-eabi/lib/thumb/libg.a(lib_a-memset.o)
                              /opt/devkitpro/libgba/lib/libgba.a(pcx.o) (memset)
/opt/devkitpro/devkitARM/lib/gcc/arm-none-eabi/7.1.0/../../../../arm-none-eabi/lib/thumb/libg.a(lib_a-mlock.o)
                              /opt/devkitpro/devkitARM/lib/gcc/arm-none-eabi/7.1.0/../../../../arm-none-eabi/lib/thumb/libg.a(lib_a-mallocr.o) (__malloc_lock)
/opt/devkitpro/devkitARM/lib/gcc/arm-none-eabi/7.1.0/../../../../arm-none-eabi/lib/thumb/libg.a(lib_a-strlen-stub.o)
                              /opt/devkitpro/libgba/lib/libgba.a(xcomms.o) (strlen)
/opt/devkitpro/devkitARM/lib/gcc/arm-none-eabi/7.1.0/../../../../arm-none-eabi/lib/thumb/libg.a(lib_a-vsnprintf.o)
                              /opt/devkitpro/libgba/lib/libgba.a(xcomms_print.o) (vsnprintf)
/opt/devkitpro/devkitARM/lib/gcc/arm-none-eabi/7.1.0/../../../../arm-none-eabi/lib/thumb/libg.a(lib_a-freer.o)
                              /opt/devkitpro/devkitARM/lib/gcc/arm-none-eabi/7.1.0/../../../../arm-none-eabi/lib/thumb/libg.a(lib_a-malloc.o) (_free_r)
/opt/devkitpro/devkitARM/lib/gcc/arm-none-eabi/7.1.0/../../../../arm-none-eabi/lib/thumb/libg.a(lib_a-svfprintf.o)
                              /opt/devkitpro/devkitARM/lib/gcc/arm-none-eabi/7.1.0/../../../../arm-none-eabi/lib/thumb/libg.a(lib_a-vsnprintf.o) (_svfprintf_r)
/opt/devkitpro/devkitARM/lib/gcc/arm-none-eabi/7.1.0/../../../../arm-none-eabi/lib/thumb/libg.a(lib_a-wcrtomb.o)
                              /opt/devkitpro/devkitARM/lib/gcc/arm-none-eabi/7.1.0/../../../../arm-none-eabi/lib/thumb/libg.a(lib_a-svfprintf.o) (_wcrtomb_r)
/opt/devkitpro/devkitARM/lib/gcc/arm-none-eabi/7.1.0/../../../../arm-none-eabi/lib/thumb/libg.a(lib_a-wcsrtombs.o)
                              /opt/devkitpro/devkitARM/lib/gcc/arm-none-eabi/7.1.0/../../../../arm-none-eabi/lib/thumb/libg.a(lib_a-svfprintf.o) (_wcsrtombs_r)
/opt/devkitpro/devkitARM/lib/gcc/arm-none-eabi/7.1.0/../../../../arm-none-eabi/lib/thumb/libg.a(lib_a-dtoa.o)
                              /opt/devkitpro/devkitARM/lib/gcc/arm-none-eabi/7.1.0/../../../../arm-none-eabi/lib/thumb/libg.a(lib_a-svfprintf.o) (_dtoa_r)
/opt/devkitpro/devkitARM/lib/gcc/arm-none-eabi/7.1.0/../../../../arm-none-eabi/lib/thumb/libg.a(lib_a-localeconv.o)
                              /opt/devkitpro/devkitARM/lib/gcc/arm-none-eabi/7.1.0/../../../../arm-none-eabi/lib/thumb/libg.a(lib_a-svfprintf.o) (_localeconv_r)
/opt/devkitpro/devkitARM/lib/gcc/arm-none-eabi/7.1.0/../../../../arm-none-eabi/lib/thumb/libg.a(lib_a-locale.o)
                              /opt/devkitpro/devkitARM/lib/gcc/arm-none-eabi/7.1.0/../../../../arm-none-eabi/lib/thumb/libg.a(lib_a-svfprintf.o) (__global_locale)
/opt/devkitpro/devkitARM/lib/gcc/arm-none-eabi/7.1.0/../../../../arm-none-eabi/lib/thumb/libg.a(lib_a-mbtowc_r.o)
[...]
Memory Configuration

Name             Origin             Length             Attributes
rom              0x0000000008000000 0x0000000002000000
iwram            0x0000000003000000 0x0000000000008000
ewram            0x0000000002000000 0x0000000000040000
*default*        0x0000000000000000 0xffffffffffffffff

Linker script and memory map

                0x0000000002000000                __text_start = ORIGIN (ewram)
                0x0000000002040000                __eheap_end = (ORIGIN (ewram) + LENGTH (ewram))
                0x0000000003000000                __iwram_start = ORIGIN (iwram)
                0x0000000003008000                __iwram_top = (ORIGIN (iwram) + LENGTH (iwram))
                0x0000000003007fa0                __sp_irq = (__iwram_top - 0x60)
                0x0000000003007f00                __sp_usr = (__sp_irq - 0xa0)
                0x0000000003007ff8                __irq_flags = 0x3007ff8
                0x0000000002000000                . = __text_start
                0x0000000002000000                . = __text_start

.crt0           0x0000000002000000      0x210
 *(.crt0)
 .crt0          0x0000000002000000      0x210 /opt/devkitpro/devkitARM/lib/gcc/arm-none-eabi/7.1.0/../../../../arm-none-eabi/lib/thumb/gba_crt0.o
                0x0000000002000000                _start
                0x00000000020000c4                __boot_method
                0x00000000020000c5                __slave_number
                0x00000000020000e0                start_vector
                0x0000000002000210                . = ALIGN (0x4)

.init           0x0000000002000210        0xc
 *(SORT(.init))
 .init          0x0000000002000210        0x4 /opt/devkitpro/devkitARM/lib/gcc/arm-none-eabi/7.1.0/thumb/crti.o
                0x0000000002000210                _init
 .init          0x0000000002000214        0x8 /opt/devkitpro/devkitARM/lib/gcc/arm-none-eabi/7.1.0/thumb/crtn.o

.plt            0x000000000200021c        0x0
 *(.plt)
                0x000000000200021c                . = ALIGN (0x4)

.text           0x000000000200021c     0xb90c
 *(EXCLUDE_FILE(*.iwram*) .text)
 .text          0x000000000200021c       0x88 XbooLoad.o
                0x000000000200021c                LoadPic
 .text          0x00000000020002a4       0xbc /opt/devkitpro/libgba/lib/libgba.a(input.o)
                0x00000000020002a4                setRepeat
                0x00000000020002b0                scanKeys
                0x0000000002000324                keysDownRepeat
                0x0000000002000334                keysDown
                0x0000000002000344                keysUp
                0x0000000002000354                keysHeld
 .text          0x0000000002000360      0x278 /opt/devkitpro/libgba/lib/libgba.a(fade.o)
                0x0000000002000360                SetPalette
                0x0000000002000378                FadeToGrayScale
                0x0000000002000498                FadeToPalette
 .text          0x00000000020005d8      0x688 /opt/devkitpro/libgba/lib/libgba.a(xcomms.o)
                0x00000000020005d8                xcomms_recv
                0x0000000002000600                xcomms_send
                0x0000000002000628                xcomms_init
                0x0000000002000644                xcomms_exchange
                0x0000000002000670                xcomms_dputchar
                0x00000000020006a4                xcomms_sendblock
                0x0000000002000738                xcomms_readblock
                0x00000000020007a4                xcomms_dfopen
                0x00000000020008a8                xcomms_dfclose
                0x00000000020008dc                xcomms_fseek
                0x0000000002000944                xcomms_ftell
                0x0000000002000990                xcomms_dfgetc
                0x00000000020009e0                xcomms_dfputc
                0x0000000002000a2c                xcomms_fread
                0x0000000002000aec                xcomms_fwrite
                0x0000000002000bd8                xcomms_getch
                0x0000000002000c1c                xcomms_kbhit
 .text          0x0000000002000c60      0x3bc /opt/devkitpro/libgba/lib/libgba.a(interrupt.o)
                0x0000000002000c60                dummy
                0x0000000002000c64                InitInterrupt
                0x0000000002000cc0                irqInit
                0x0000000002000d1c                SetInterrupt
                0x0000000002000e00                irqSet
                0x0000000002000ee4                EnableInterrupt
                0x0000000002000f30                irqEnable
                0x0000000002000f84                DisableInterrupt
                0x0000000002000fd0                irqDisable
 .text          0x000000000200101c      0x1b4 /opt/devkitpro/libgba/lib/libgba.a(pcx.o)
                0x000000000200101c                DecodePCX
 .text          0x00000000020011d0       0x3c /opt/devkitpro/libgba/lib/libgba.a(xcomms_print.o)
                0x00000000020011d0                xcomms_dprintf
 .text          0x000000000200120c      0x150 /opt/devkitpro/devkitARM/lib/gcc/arm-none-eabi/7.1.0/thumb/libgcc.a(_divsi3.o)
                0x000000000200120c                __aeabi_idiv
                0x000000000200120c                __divsi3
                0x000000000200133c                __aeabi_idivmod
 .text          0x000000000200135c        0x4 /opt/devkitpro/devkitARM/lib/gcc/arm-none-eabi/7.1.0/thumb/libgcc.a(_dvmd_tls.o)
                0x000000000200135c                __aeabi_ldiv0
                0x000000000200135c                __aeabi_idiv0
 .text          0x0000000002001360      0x11c /opt/devkitpro/devkitARM/lib/gcc/arm-none-eabi/7.1.0/thumb/libgcc.a(_udivsi3.o)
                0x0000000002001360                __udivsi3
                0x0000000002001360                __aeabi_uidiv
                0x000000000200145c                __aeabi_uidivmod
 .text          0x000000000200147c      0x424 /opt/devkitpro/devkitARM/lib/gcc/arm-none-eabi/7.1.0/thumb/libgcc.a(_arm_addsubdf3.o)
                0x000000000200147c                __aeabi_drsub
                0x0000000002001484                __aeabi_dsub
                0x0000000002001484                __subdf3
                0x0000000002001488                __adddf3
                0x0000000002001488                __aeabi_dadd
                0x0000000002001798                __aeabi_ui2d
                0x0000000002001798                __floatunsidf
                0x00000000020017bc                __floatsidf
                0x00000000020017bc                __aeabi_i2d
                0x00000000020017e4                __extendsfdf2
                0x00000000020017e4                __aeabi_f2d
                0x000000000200182c                __aeabi_ul2d
                0x000000000200182c                __floatundidf
                0x0000000002001840                __floatdidf
                0x0000000002001840                __aeabi_l2d
 .text          0x00000000020018a0      0x49c /opt/devkitpro/devkitARM/lib/gcc/arm-none-eabi/7.1.0/thumb/libgcc.a(_arm_muldivdf3.o)
                0x00000000020018a0                __aeabi_dmul
                0x00000000020018a0                __muldf3
                0x0000000002001b30                __aeabi_ddiv
                0x0000000002001b30                __divdf3
 .text          0x0000000002001d3c      0x144 /opt/devkitpro/devkitARM/lib/gcc/arm-none-eabi/7.1.0/thumb/libgcc.a(_arm_cmpdf2.o)
                0x0000000002001d3c                __gtdf2
                0x0000000002001d3c                __gedf2
                0x0000000002001d44                __ltdf2
                0x0000000002001d44                __ledf2
                0x0000000002001d4c                __cmpdf2
                0x0000000002001d4c                __eqdf2
                0x0000000002001d4c                __nedf2
                0x0000000002001dd4                __aeabi_cdrcmple
                0x0000000002001df0                __aeabi_cdcmple
                0x0000000002001df0                __aeabi_cdcmpeq
                0x0000000002001e08                __aeabi_dcmpeq
                0x0000000002001e20                __aeabi_dcmplt
                0x0000000002001e38                __aeabi_dcmple
                0x0000000002001e50                __aeabi_dcmpge
                0x0000000002001e68                __aeabi_dcmpgt
 .text          0x0000000002001e80       0x38 /opt/devkitpro/devkitARM/lib/gcc/arm-none-eabi/7.1.0/thumb/libgcc.a(_arm_unorddf2.o)
                0x0000000002001e80                __aeabi_dcmpun
                0x0000000002001e80                __unorddf2
 .text          0x0000000002001eb8       0x5c /opt/devkitpro/devkitARM/lib/gcc/arm-none-eabi/7.1.0/thumb/libgcc.a(_arm_fixdfsi.o)
                0x0000000002001eb8                __fixdfsi
                0x0000000002001eb8                __aeabi_d2iz
 .text          0x0000000002001f14       0x3c /opt/devkitpro/devkitARM/lib/gcc/arm-none-eabi/7.1.0/thumb/libgcc.a(_aeabi_uldivmod.o)
                0x0000000002001f14                __aeabi_uldivmod
 .text          0x0000000002001f50       0x28 /opt/devkitpro/devkitARM/lib/gcc/arm-none-eabi/7.1.0/thumb/libgcc.a(_clzdi2.o)
                0x0000000002001f50                __clzdi2
 .text          0x0000000002001f78       0x48 /opt/devkitpro/devkitARM/lib/gcc/arm-none-eabi/7.1.0/thumb/libgcc.a(_clzsi2.o)
                0x0000000002001f78                __clzsi2
 *(.text .stub .text.* .gnu.linkonce.t.*)
 .text.deregister_tm_clones
                0x0000000002001fc0       0x2c /opt/devkitpro/devkitARM/lib/gcc/arm-none-eabi/7.1.0/thumb/crtbegin.o
 .text.register_tm_clones
                0x0000000002001fec       0x34 /opt/devkitpro/devkitARM/lib/gcc/arm-none-eabi/7.1.0/thumb/crtbegin.o
 .text.__do_global_dtors_aux
                0x0000000002002020       0x30 /opt/devkitpro/devkitARM/lib/gcc/arm-none-eabi/7.1.0/thumb/crtbegin.o
 .text.frame_dummy
                0x0000000002002050       0x28 /opt/devkitpro/devkitARM/lib/gcc/arm-none-eabi/7.1.0/thumb/crtbegin.o
 .text.startup  0x0000000002002078       0xcc XbooLoad.o
                0x0000000002002078                main
 .text.__libc_init_array
                0x0000000002002144       0x54 /opt/devkitpro/devkitARM/lib/gcc/arm-none-eabi/7.1.0/../../../../arm-none-eabi/lib/thumb/libg.a(lib_a-init.o)
                0x0000000002002144                __libc_init_array
 .text.malloc   0x0000000002002198       0x14 /opt/devkitpro/devkitARM/lib/gcc/arm-none-eabi/7.1.0/../../../../arm-none-eabi/lib/thumb/libg.a(lib_a-malloc.o)
                0x0000000002002198                malloc
 .text.free     0x00000000020021ac       0x14 /opt/devkitpro/devkitARM/lib/gcc/arm-none-eabi/7.1.0/../../../../arm-none-eabi/lib/thumb/libg.a(lib_a-malloc.o)
                0x00000000020021ac                free
 .text._malloc_r
                0x00000000020021c0      0x56c /opt/devkitpro/devkitARM/lib/gcc/arm-none-eabi/7.1.0/../../../../arm-none-eabi/lib/thumb/libg.a(lib_a-mallocr.o)
                0x00000000020021c0                _malloc_r
 .text.memcpy   0x000000000200272c       0x8c /opt/devkitpro/devkitARM/lib/gcc/arm-none-eabi/7.1.0/../../../../arm-none-eabi/lib/thumb/libg.a(lib_a-memcpy-stub.o)
                0x000000000200272c                memcpy
 .text.memset   0x00000000020027b8       0xa4 /opt/devkitpro/devkitARM/lib/gcc/arm-none-eabi/7.1.0/../../../../arm-none-eabi/lib/thumb/libg.a(lib_a-memset.o)
                0x00000000020027b8                memset
 .text.__malloc_lock
                0x000000000200285c       0x14 /opt/devkitpro/devkitARM/lib/gcc/arm-none-eabi/7.1.0/../../../../arm-none-eabi/lib/thumb/libg.a(lib_a-mlock.o)
                0x000000000200285c                __malloc_lock
 .text.__malloc_unlock
                0x0000000002002870       0x14 /opt/devkitpro/devkitARM/lib/gcc/arm-none-eabi/7.1.0/../../../../arm-none-eabi/lib/thumb/libg.a(lib_a-mlock.o)
                0x0000000002002870                __malloc_unlock
 .text.strlen   0x0000000002002884       0x68 /opt/devkitpro/devkitARM/lib/gcc/arm-none-eabi/7.1.0/../../../../arm-none-eabi/lib/thumb/libg.a(lib_a-strlen-stub.o)
                0x0000000002002884                strlen
 .text._vsnprintf_r
                0x00000000020028ec       0x78 /opt/devkitpro/devkitARM/lib/gcc/arm-none-eabi/7.1.0/../../../../arm-none-eabi/lib/thumb/libg.a(lib_a-vsnprintf.o)
                0x00000000020028ec                _vsnprintf_r
 .text.vsnprintf
                0x0000000002002964       0x24 /opt/devkitpro/devkitARM/lib/gcc/arm-none-eabi/7.1.0/../../../../arm-none-eabi/lib/thumb/libg.a(lib_a-vsnprintf.o)
                0x0000000002002964                vsnprintf
 .text._malloc_trim_r
                0x0000000002002988       0xa4 /opt/devkitpro/devkitARM/lib/gcc/arm-none-eabi/7.1.0/../../../../arm-none-eabi/lib/thumb/libg.a(lib_a-freer.o)
                0x0000000002002988                _malloc_trim_r
 .text._free_r  0x0000000002002a2c      0x1d8 /opt/devkitpro/devkitARM/lib/gcc/arm-none-eabi/7.1.0/../../../../arm-none-eabi/lib/thumb/libg.a(lib_a-freer.o)
                0x0000000002002a2c                _free_r
 .text.get_arg  0x0000000002002c04     0x3b24 /opt/devkitpro/devkitARM/lib/gcc/arm-none-eabi/7.1.0/../../../../arm-none-eabi/lib/thumb/libg.a(lib_a-svfprintf.o)
 .text._svfprintf_r
                0x0000000002006728     0x2c38 /opt/devkitpro/devkitARM/lib/gcc/arm-none-eabi/7.1.0/../../../../arm-none-eabi/lib/thumb/libg.a(lib_a-svfprintf.o)
                0x0000000002006728                _svfprintf_r
 .text._wcrtomb_r
                0x0000000002009360       0x84 /opt/devkitpro/devkitARM/lib/gcc/arm-none-eabi/7.1.0/../../../../arm-none-eabi/lib/thumb/libg.a(lib_a-wcrtomb.o)
                0x0000000002009360                _wcrtomb_r
 .text._wcsrtombs_r
                0x00000000020093e4       0x1c /opt/devkitpro/devkitARM/lib/gcc/arm-none-eabi/7.1.0/../../../../arm-none-eabi/lib/thumb/libg.a(lib_a-wcsrtombs.o)
                0x00000000020093e4                _wcsrtombs_r
 .text.quorem   0x0000000002009400      0x15c /opt/devkitpro/devkitARM/lib/gcc/arm-none-eabi/7.1.0/../../../../arm-none-eabi/lib/thumb/libg.a(lib_a-dtoa.o)
 .text._dtoa_r  0x000000000200955c      0xfc8 /opt/devkitpro/devkitARM/lib/gcc/arm-none-eabi/7.1.0/../../../../arm-none-eabi/lib/thumb/libg.a(lib_a-dtoa.o)
                0x000000000200955c                _dtoa_r
 .text._localeconv_r
                0x000000000200a524       0x1c /opt/devkitpro/devkitARM/lib/gcc/arm-none-eabi/7.1.0/../../../../arm-none-eabi/lib/thumb/libg.a(lib_a-localeconv.o)
                0x000000000200a524                _localeconv_r
 .text.__locale_mb_cur_max
                0x000000000200a540       0x20 /opt/devkitpro/devkitARM/lib/gcc/arm-none-eabi/7.1.0/../../../../arm-none-eabi/lib/thumb/libg.a(lib_a-locale.o)
                0x000000000200a540                __locale_mb_cur_max
 .text.__utf8_mbtowc
                0x000000000200a560      0x28c /opt/devkitpro/devkitARM/lib/gcc/arm-none-eabi/7.1.0/../../../../arm-none-eabi/lib/thumb/libg.a(lib_a-mbtowc_r.o)
                0x000000000200a560                __utf8_mbtowc
 .text.memchr   0x000000000200a7ec       0x84 /opt/devkitpro/devkitARM/lib/gcc/arm-none-eabi/7.1.0/../../../../arm-none-eabi/lib/thumb/libg.a(lib_a-memchr-stub.o)
                0x000000000200a7ec                memchr
 .text._Balloc  0x000000000200a870       0x54 /opt/devkitpro/devkitARM/lib/gcc/arm-none-eabi/7.1.0/../../../../arm-none-eabi/lib/thumb/libg.a(lib_a-mprec.o)
                0x000000000200a870                _Balloc
 .text._Bfree   0x000000000200a8c4       0x14 /opt/devkitpro/devkitARM/lib/gcc/arm-none-eabi/7.1.0/../../../../arm-none-eabi/lib/thumb/libg.a(lib_a-mprec.o)
                0x000000000200a8c4                _Bfree
 .text.__multadd
                0x000000000200a8d8       0x94 /opt/devkitpro/devkitARM/lib/gcc/arm-none-eabi/7.1.0/../../../../arm-none-eabi/lib/thumb/libg.a(lib_a-mprec.o)
                0x000000000200a8d8                __multadd
 .text.__hi0bits
                0x000000000200a96c       0x38 /opt/devkitpro/devkitARM/lib/gcc/arm-none-eabi/7.1.0/../../../../arm-none-eabi/lib/thumb/libg.a(lib_a-mprec.o)
                0x000000000200a96c                __hi0bits
 .text.__lo0bits
                0x000000000200a9a4       0x5c /opt/devkitpro/devkitARM/lib/gcc/arm-none-eabi/7.1.0/../../../../arm-none-eabi/lib/thumb/libg.a(lib_a-mprec.o)
                0x000000000200a9a4                __lo0bits
 .text.__i2b    0x000000000200aa00       0x18 /opt/devkitpro/devkitARM/lib/gcc/arm-none-eabi/7.1.0/../../../../arm-none-eabi/lib/thumb/libg.a(lib_a-mprec.o)
                0x000000000200aa00                __i2b
 .text.__multiply
                0x000000000200aa18      0x188 /opt/devkitpro/devkitARM/lib/gcc/arm-none-eabi/7.1.0/../../../../arm-none-eabi/lib/thumb/libg.a(lib_a-mprec.o)
                0x000000000200aa18                __multiply
 .text.__pow5mult
                0x000000000200aba0       0xc4 /opt/devkitpro/devkitARM/lib/gcc/arm-none-eabi/7.1.0/../../../../arm-none-eabi/lib/thumb/libg.a(lib_a-mprec.o)
                0x000000000200aba0                __pow5mult
 .text.__lshift
                0x000000000200ac64       0xc4 /opt/devkitpro/devkitARM/lib/gcc/arm-none-eabi/7.1.0/../../../../arm-none-eabi/lib/thumb/libg.a(lib_a-mprec.o)
                0x000000000200ac64                __lshift
 .text.__mcmp   0x000000000200ad28       0x38 /opt/devkitpro/devkitARM/lib/gcc/arm-none-eabi/7.1.0/../../../../arm-none-eabi/lib/thumb/libg.a(lib_a-mprec.o)
                0x000000000200ad28                __mcmp
 .text.__mdiff  0x000000000200ad60      0x128 /opt/devkitpro/devkitARM/lib/gcc/arm-none-eabi/7.1.0/../../../../arm-none-eabi/lib/thumb/libg.a(lib_a-mprec.o)
                0x000000000200ad60                __mdiff
 .text.__d2b    0x000000000200ae88       0xc0 /opt/devkitpro/devkitARM/lib/gcc/arm-none-eabi/7.1.0/../../../../arm-none-eabi/lib/thumb/libg.a(lib_a-mprec.o)
                0x000000000200ae88                __d2b
 .text.frexp    0x000000000200af48       0x68 /opt/devkitpro/devkitARM/lib/gcc/arm-none-eabi/7.1.0/../../../../arm-none-eabi/lib/thumb/libg.a(lib_a-s_frexp.o)
                0x000000000200af48                frexp
 .text.strncpy  0x000000000200afb0       0x90 /opt/devkitpro/devkitARM/lib/gcc/arm-none-eabi/7.1.0/../../../../arm-none-eabi/lib/thumb/libg.a(lib_a-strncpy.o)
                0x000000000200afb0                strncpy
 .text.__ssprint_r
                0x000000000200b040      0x11c /opt/devkitpro/devkitARM/lib/gcc/arm-none-eabi/7.1.0/../../../../arm-none-eabi/lib/thumb/libg.a(lib_a-svfiprintf.o)
                0x000000000200b040                __ssprint_r
 .text._wcsnrtombs_l
                0x000000000200b15c      0x110 /opt/devkitpro/devkitARM/lib/gcc/arm-none-eabi/7.1.0/../../../../arm-none-eabi/lib/thumb/libg.a(lib_a-wcsnrtombs.o)
                0x000000000200b15c                _wcsnrtombs_l
 .text._wcsnrtombs_r
                0x000000000200b26c       0x40 /opt/devkitpro/devkitARM/lib/gcc/arm-none-eabi/7.1.0/../../../../arm-none-eabi/lib/thumb/libg.a(lib_a-wcsnrtombs.o)
                0x000000000200b26c                _wcsnrtombs_r
 .text.__utf8_wctomb
                0x000000000200b2ac       0xbc /opt/devkitpro/devkitARM/lib/gcc/arm-none-eabi/7.1.0/../../../../arm-none-eabi/lib/thumb/libg.a(lib_a-wctomb_r.o)
                0x000000000200b2ac                __utf8_wctomb
 .text._calloc_r
                0x000000000200b368       0x60 /opt/devkitpro/devkitARM/lib/gcc/arm-none-eabi/7.1.0/../../../../arm-none-eabi/lib/thumb/libg.a(lib_a-callocr.o)
                0x000000000200b368                _calloc_r
 .text.memmove  0x000000000200b3c8       0xa0 /opt/devkitpro/devkitARM/lib/gcc/arm-none-eabi/7.1.0/../../../../arm-none-eabi/lib/thumb/libg.a(lib_a-memmove.o)
                0x000000000200b3c8                memmove
 .text._realloc_r
                0x000000000200b468      0x3c4 /opt/devkitpro/devkitARM/lib/gcc/arm-none-eabi/7.1.0/../../../../arm-none-eabi/lib/thumb/libg.a(lib_a-reallocr.o)
                0x000000000200b468                _realloc_r
 .text._sbrk_r  0x000000000200b82c       0x54 /opt/devkitpro/devkitARM/lib/gcc/arm-none-eabi/7.1.0/../../../../arm-none-eabi/lib/thumb/libsysbase.a(sbrk.o)
                0x000000000200b82c                _sbrk_r
 .text.__libc_lock_acquire_recursive
                0x000000000200b880       0x1c /opt/devkitpro/devkitARM/lib/gcc/arm-none-eabi/7.1.0/../../../../arm-none-eabi/lib/thumb/libsysbase.a(syscall_support.o)
                0x000000000200b880                __libc_lock_acquire_recursive
 .text.__libc_lock_release_recursive
                0x000000000200b89c       0x1c /opt/devkitpro/devkitARM/lib/gcc/arm-none-eabi/7.1.0/../../../../arm-none-eabi/lib/thumb/libsysbase.a(syscall_support.o)
                0x000000000200b89c                __libc_lock_release_recursive
 .text.__getreent
                0x000000000200b8b8       0x28 /opt/devkitpro/devkitARM/lib/gcc/arm-none-eabi/7.1.0/../../../../arm-none-eabi/lib/thumb/libsysbase.a(getreent.o)
                0x000000000200b8b8                __getreent
 .text.__udivmoddi4
                0x000000000200b8e0      0x188 /opt/devkitpro/devkitARM/lib/gcc/arm-none-eabi/7.1.0/thumb/libgcc.a(_udivmoddi4.o)
                0x000000000200b8e0                __udivmoddi4
 .text.__udivmoddi4.__stub
                0x000000000200ba68       0xb4 linker stubs
 *(.text.*personality*)
 *(.gnu.warning)
 *(.glue_7t)
 .glue_7t       0x000000000200bb28        0x0 linker stubs
 *(.glue_7)
 .glue_7        0x000000000200bb28        0x0 linker stubs
 *(.vfp11_veneer)
 .vfp11_veneer  0x000000000200bb28        0x0 linker stubs
                0x000000000200bb28                . = ALIGN (0x4)
                0x000000000200bb28                __text_end = .

.v4_bx          0x000000000200bb28        0x0
 .v4_bx         0x000000000200bb28        0x0 linker stubs

.iplt           0x000000000200bb28        0x0
 .iplt          0x000000000200bb28        0x0 /opt/devkitpro/devkitARM/lib/gcc/arm-none-eabi/7.1.0/../../../../arm-none-eabi/lib/thumb/gba_crt0.o

.fini           0x000000000200bb28        0xc
 *(.fini)
 .fini          0x000000000200bb28        0x4 /opt/devkitpro/devkitARM/lib/gcc/arm-none-eabi/7.1.0/thumb/crti.o
                0x000000000200bb28                _fini
 .fini          0x000000000200bb2c        0x8 /opt/devkitpro/devkitARM/lib/gcc/arm-none-eabi/7.1.0/thumb/crtn.o
                0x000000000200bb34                . = ALIGN (0x4)

.rodata         0x000000000200bb38     0x55b8
 *(.rodata)
 *all.rodata*(*)
 *(.roda)
 *(.rodata.*)
 .rodata.str1.4
                0x000000000200bb38       0x25 XbooLoad.o
 *fill*         0x000000000200bb5d        0x3 ff
 .rodata.get_arg
                0x000000000200bb60     0x4f8c /opt/devkitpro/devkitARM/lib/gcc/arm-none-eabi/7.1.0/../../../../arm-none-eabi/lib/thumb/libg.a(lib_a-svfprintf.o)
 .rodata._svfprintf_r
                0x0000000002010aec      0x16c /opt/devkitpro/devkitARM/lib/gcc/arm-none-eabi/7.1.0/../../../../arm-none-eabi/lib/thumb/libg.a(lib_a-svfprintf.o)
 .rodata._svfprintf_r.str1.4
                0x0000000002010c58       0x42 /opt/devkitpro/devkitARM/lib/gcc/arm-none-eabi/7.1.0/../../../../arm-none-eabi/lib/thumb/libg.a(lib_a-svfprintf.o)
 *fill*         0x0000000002010c9a        0x2 ff
 .rodata.blanks.7287
                0x0000000002010c9c       0x10 /opt/devkitpro/devkitARM/lib/gcc/arm-none-eabi/7.1.0/../../../../arm-none-eabi/lib/thumb/libg.a(lib_a-svfprintf.o)
 .rodata.zeroes.7288
                0x0000000002010cac       0x10 /opt/devkitpro/devkitARM/lib/gcc/arm-none-eabi/7.1.0/../../../../arm-none-eabi/lib/thumb/libg.a(lib_a-svfprintf.o)
 .rodata._dtoa_r.str1.4
                0x0000000002010cbc       0x10 /opt/devkitpro/devkitARM/lib/gcc/arm-none-eabi/7.1.0/../../../../arm-none-eabi/lib/thumb/libg.a(lib_a-dtoa.o)
                                         0x12 (size before relaxing)
 .rodata.str1.4
                0x0000000002010ccc       0x48 /opt/devkitpro/devkitARM/lib/gcc/arm-none-eabi/7.1.0/../../../../arm-none-eabi/lib/thumb/libg.a(lib_a-locale.o)
                                         0x4c (size before relaxing)
 *fill*         0x0000000002010d14        0x4 ff
 .rodata.__mprec_bigtens
                0x0000000002010d18       0x28 /opt/devkitpro/devkitARM/lib/gcc/arm-none-eabi/7.1.0/../../../../arm-none-eabi/lib/thumb/libg.a(lib_a-mprec.o)
                0x0000000002010d18                __mprec_bigtens
 .rodata.__mprec_tens
                0x0000000002010d40       0xc8 /opt/devkitpro/devkitARM/lib/gcc/arm-none-eabi/7.1.0/../../../../arm-none-eabi/lib/thumb/libg.a(lib_a-mprec.o)
                0x0000000002010d40                __mprec_tens
 .rodata.p05.6078
                0x0000000002010e08        0xc /opt/devkitpro/devkitARM/lib/gcc/arm-none-eabi/7.1.0/../../../../arm-none-eabi/lib/thumb/libg.a(lib_a-mprec.o)
 .rodata.__action_table
                0x0000000002010e14       0x6c /opt/devkitpro/devkitARM/lib/gcc/arm-none-eabi/7.1.0/../../../../arm-none-eabi/lib/thumb/libg.a(lib_a-svfiprintf.o)
                0x0000000002010e14                __action_table
 .rodata.__chclass
                0x0000000002010e80      0x100 /opt/devkitpro/devkitARM/lib/gcc/arm-none-eabi/7.1.0/../../../../arm-none-eabi/lib/thumb/libg.a(lib_a-svfiprintf.o)
                0x0000000002010e80                __chclass
 .rodata.__state_table
                0x0000000002010f80       0x6c /opt/devkitpro/devkitARM/lib/gcc/arm-none-eabi/7.1.0/../../../../arm-none-eabi/lib/thumb/libg.a(lib_a-svfiprintf.o)
                0x0000000002010f80                __state_table
 .rodata._ctype_
                0x0000000002010fec      0x101 /opt/devkitpro/devkitARM/lib/gcc/arm-none-eabi/7.1.0/../../../../arm-none-eabi/lib/thumb/libg.a(lib_a-ctype_.o)
                0x0000000002010fec                _ctype_
 *(.gnu.linkonce.r*)
                0x00000000020110f0                . = ALIGN (0x4)
 *fill*         0x00000000020110ed        0x3 ff

.ARM.extab
 *(.ARM.extab* .gnu.linkonce.armextab.*)
                0x00000000020110f0                __exidx_start = .

.ARM.exidx
 *(.ARM.exidx* .gnu.linkonce.armexidx.*)
                0x00000000020110f0                __exidx_end = .
                0x00000000020110f0                . = ALIGN (0x4)
                0x00000000020110f0                PROVIDE (__preinit_array_start, .)

.preinit_array
 *(.preinit_array)
                0x00000000020110f0                PROVIDE (__preinit_array_end, .)
                0x00000000020110f0                PROVIDE (__init_array_start, .)

.init_array     0x00000000020110f0        0x4
 *(.init_array)
 .init_array    0x00000000020110f0        0x4 /opt/devkitpro/devkitARM/lib/gcc/arm-none-eabi/7.1.0/thumb/crtbegin.o
                0x00000000020110f4                PROVIDE (__init_array_end, .)
                [!provide]                        PROVIDE (__fini_array_start, .)

.fini_array     0x00000000020110f4        0x4
 *(.fini_array)
 .fini_array    0x00000000020110f4        0x4 /opt/devkitpro/devkitARM/lib/gcc/arm-none-eabi/7.1.0/thumb/crtbegin.o
                [!provide]                        PROVIDE (__fini_array_end, .)

.ctors          0x00000000020110f8        0x0
 *crtbegin.o(.ctors)
 *(EXCLUDE_FILE(*crtend.o) .ctors)
 *(SORT(.ctors.*))
 *(.ctors)
                0x00000000020110f8                . = ALIGN (0x4)

.dtors          0x00000000020110f8        0x0
 *crtbegin.o(.dtors)
 *(EXCLUDE_FILE(*crtend.o) .dtors)
 *(SORT(.dtors.*))
 *(.dtors)
                0x00000000020110f8                . = ALIGN (0x4)

.jcr
 *(.jcr)

.eh_frame       0x00000000020110f8        0x4
 *(.eh_frame)
 .eh_frame      0x00000000020110f8        0x0 /opt/devkitpro/devkitARM/lib/gcc/arm-none-eabi/7.1.0/thumb/crtbegin.o
 .eh_frame      0x00000000020110f8        0x4 /opt/devkitpro/devkitARM/lib/gcc/arm-none-eabi/7.1.0/thumb/crtend.o
                0x00000000020110fc                . = ALIGN (0x4)

.gcc_except_table
                0x00000000020110fc        0x0
 *(.gcc_except_table)
                0x00000000020110fc                . = ALIGN (0x4)
                0x00000000020110fc                __iwram_lma = .

.iwram          0x0000000003000000       0xb8 load address 0x00000000020110fc
                0x0000000003000000                __iwram_start__ = ABSOLUTE (.)
 *(.iwram)
 .iwram         0x0000000003000000       0xb8 /opt/devkitpro/libgba/lib/libgba.a(InterruptDispatcher.o)
                0x0000000003000000                IntrMain
 *iwram.*(.text)
                0x00000000030000b8                . = ALIGN (0x4)
                0x00000000030000b8                __iwram_end__ = ABSOLUTE (.)
                0x00000000020111b4                __data_lma = (__iwram_lma + SIZEOF (.iwram))

.rel.dyn        0x00000000030000b8        0x0 load address 0x00000000020111b4
 .rel.iplt      0x00000000030000b8        0x0 /opt/devkitpro/devkitARM/lib/gcc/arm-none-eabi/7.1.0/../../../../arm-none-eabi/lib/thumb/gba_crt0.o

.bss            0x00000000030000b8      0x508
                0x00000000030000b8                __bss_start__ = ABSOLUTE (.)
 *(.dynbss)
 *(.gnu.linkonce.b*)
 *(.bss*)
 .bss.completed.6484
                0x00000000030000b8        0x1 /opt/devkitpro/devkitARM/lib/gcc/arm-none-eabi/7.1.0/thumb/crtbegin.o
 *fill*         0x00000000030000b9        0x3 
 .bss.object.6489
                0x00000000030000bc       0x18 /opt/devkitpro/devkitARM/lib/gcc/arm-none-eabi/7.1.0/thumb/crtbegin.o
 .bss           0x00000000030000d4        0xa /opt/devkitpro/libgba/lib/libgba.a(input.o)
 *fill*         0x00000000030000de        0x2 
 .bss.__malloc_current_mallinfo
                0x00000000030000e0       0x28 /opt/devkitpro/devkitARM/lib/gcc/arm-none-eabi/7.1.0/../../../../arm-none-eabi/lib/thumb/libg.a(lib_a-mallocr.o)
                0x00000000030000e0                __malloc_current_mallinfo
 .bss.__malloc_max_sbrked_mem
                0x0000000003000108        0x4 /opt/devkitpro/devkitARM/lib/gcc/arm-none-eabi/7.1.0/../../../../arm-none-eabi/lib/thumb/libg.a(lib_a-mallocr.o)
                0x0000000003000108                __malloc_max_sbrked_mem
 .bss.__malloc_max_total_mem
                0x000000000300010c        0x4 /opt/devkitpro/devkitARM/lib/gcc/arm-none-eabi/7.1.0/../../../../arm-none-eabi/lib/thumb/libg.a(lib_a-mallocr.o)
                0x000000000300010c                __malloc_max_total_mem
 .bss.__malloc_top_pad
                0x0000000003000110        0x4 /opt/devkitpro/devkitARM/lib/gcc/arm-none-eabi/7.1.0/../../../../arm-none-eabi/lib/thumb/libg.a(lib_a-mallocr.o)
                0x0000000003000110                __malloc_top_pad
 .bss.heap_start.5814
                0x0000000003000114        0x4 /opt/devkitpro/devkitARM/lib/gcc/arm-none-eabi/7.1.0/../../../../arm-none-eabi/lib/thumb/libsysbase.a(sbrk.o)
 .bss.fake_heap_end
                0x0000000003000118        0x4 /opt/devkitpro/devkitARM/lib/gcc/arm-none-eabi/7.1.0/../../../../arm-none-eabi/lib/thumb/libsysbase.a(malloc_vars.o)
                0x0000000003000118                fake_heap_end
 .bss.fake_heap_start
                0x000000000300011c        0x4 /opt/devkitpro/devkitARM/lib/gcc/arm-none-eabi/7.1.0/../../../../arm-none-eabi/lib/thumb/libsysbase.a(malloc_vars.o)
                0x000000000300011c                fake_heap_start
 .bss.__syscalls
                0x0000000003000120       0x38 /opt/devkitpro/devkitARM/lib/gcc/arm-none-eabi/7.1.0/../../../../arm-none-eabi/lib/thumb/libsysbase.a(syscall_support.o)
                0x0000000003000120                __syscalls
 *(COMMON)
 COMMON         0x0000000003000158      0x200 XbooLoad.o
                0x0000000003000158                PaletteBuffer
 COMMON         0x0000000003000358       0x78 /opt/devkitpro/libgba/lib/libgba.a(interrupt.o)
                0x0000000003000358                IntrTable
 COMMON         0x00000000030003d0       0xf0 /opt/devkitpro/libgba/lib/libgba.a(pcx.o)
                0x00000000030003d0                Buf
 COMMON         0x00000000030004c0      0x100 /opt/devkitpro/libgba/lib/libgba.a(xcomms_print.o)
                0x00000000030004c0                __outstr
                0x00000000030005c0                . = ALIGN (0x4)
                0x00000000030005c0                __bss_end__ = ABSOLUTE (.)

.data           0x00000000030005c0      0x9f0 load address 0x00000000020111b4
                0x00000000030005c0                __data_start__ = ABSOLUTE (.)
 *(.data)
 .data          0x00000000030005c0        0x3 /opt/devkitpro/libgba/lib/libgba.a(input.o)
 *(.data.*)
 *fill*         0x00000000030005c3        0x1 ff
 .data.__malloc_av_
                0x00000000030005c4      0x408 /opt/devkitpro/devkitARM/lib/gcc/arm-none-eabi/7.1.0/../../../../arm-none-eabi/lib/thumb/libg.a(lib_a-mallocr.o)
                0x00000000030005c4                __malloc_av_
 .data.__malloc_sbrk_base
                0x00000000030009cc        0x4 /opt/devkitpro/devkitARM/lib/gcc/arm-none-eabi/7.1.0/../../../../arm-none-eabi/lib/thumb/libg.a(lib_a-mallocr.o)
                0x00000000030009cc                __malloc_sbrk_base
 .data.__malloc_trim_threshold
                0x00000000030009d0        0x4 /opt/devkitpro/devkitARM/lib/gcc/arm-none-eabi/7.1.0/../../../../arm-none-eabi/lib/thumb/libg.a(lib_a-mallocr.o)
                0x00000000030009d0                __malloc_trim_threshold
 .data.__malloc_lock_object
                0x00000000030009d4        0xc /opt/devkitpro/devkitARM/lib/gcc/arm-none-eabi/7.1.0/../../../../arm-none-eabi/lib/thumb/libg.a(lib_a-mlock.o)
 .data.__global_locale
                0x00000000030009e0      0x16c /opt/devkitpro/devkitARM/lib/gcc/arm-none-eabi/7.1.0/../../../../arm-none-eabi/lib/thumb/libg.a(lib_a-locale.o)
                0x00000000030009e0                __global_locale
 .data._impure_ptr
                0x0000000003000b4c        0x4 /opt/devkitpro/devkitARM/lib/gcc/arm-none-eabi/7.1.0/../../../../arm-none-eabi/lib/thumb/libg.a(lib_a-impure.o)
                0x0000000003000b4c                _impure_ptr
 .data.impure_data
                0x0000000003000b50      0x460 /opt/devkitpro/devkitARM/lib/gcc/arm-none-eabi/7.1.0/../../../../arm-none-eabi/lib/thumb/libg.a(lib_a-impure.o)
 *(.gnu.linkonce.d*)
                0x0000000003000fb0                . = ALIGN (0x4)
                0x0000000003000fb0                __data_end__ = ABSOLUTE (.)
                0x0000000002011ba4                __iwram_overlay_lma = (__data_lma + SIZEOF (.data))
                [!provide]                        PROVIDE (edata, .)
                0x0000000003000fb0                __iwram_overlay_start = .

.igot.plt       0x0000000003000fb0        0x0 load address 0x0000000002011ba4
 .igot.plt      0x0000000003000fb0        0x0 /opt/devkitpro/devkitARM/lib/gcc/arm-none-eabi/7.1.0/../../../../arm-none-eabi/lib/thumb/gba_crt0.o

.tm_clone_table
                0x0000000003000fb0        0x0 load address 0x0000000002011ba4
 .tm_clone_table
                0x0000000003000fb0        0x0 /opt/devkitpro/devkitARM/lib/gcc/arm-none-eabi/7.1.0/thumb/crtbegin.o
 .tm_clone_table
                0x0000000003000fb0        0x0 /opt/devkitpro/devkitARM/lib/gcc/arm-none-eabi/7.1.0/thumb/crtend.o

.iwram0         0x0000000003000fb0        0x0 load address 0x0000000002011ba4
 *(.iwram0)
                0x0000000003000fb0                . = ALIGN (0x4)
                0x0000000002011ba4                PROVIDE (__load_start_iwram0, LOADADDR (.iwram0))
                0x0000000002011ba4                PROVIDE (__load_stop_iwram0, (LOADADDR (.iwram0) + SIZEOF (.iwram0)))

.iwram1         0x0000000003000fb0        0x0
 *(.iwram1)
                0x0000000003000fb0                . = ALIGN (0x4)
                [!provide]                        PROVIDE (__load_start_iwram1, LOADADDR (.iwram1))
                [!provide]                        PROVIDE (__load_stop_iwram1, (LOADADDR (.iwram1) + SIZEOF (.iwram1)))

.iwram2         0x0000000003000fb0        0x0
 *(.iwram2)
                0x0000000003000fb0                . = ALIGN (0x4)
                [!provide]                        PROVIDE (__load_start_iwram2, LOADADDR (.iwram2))
                [!provide]                        PROVIDE (__load_stop_iwram2, (LOADADDR (.iwram2) + SIZEOF (.iwram2)))

.iwram3         0x0000000003000fb0        0x0
 *(.iwram3)
                0x0000000003000fb0                . = ALIGN (0x4)
                [!provide]                        PROVIDE (__load_start_iwram3, LOADADDR (.iwram3))
                [!provide]                        PROVIDE (__load_stop_iwram3, (LOADADDR (.iwram3) + SIZEOF (.iwram3)))

.iwram4         0x0000000003000fb0        0x0
 *(.iwram4)
                0x0000000003000fb0                . = ALIGN (0x4)
                [!provide]                        PROVIDE (__load_start_iwram4, LOADADDR (.iwram4))
                [!provide]                        PROVIDE (__load_stop_iwram4, (LOADADDR (.iwram4) + SIZEOF (.iwram4)))

.iwram5         0x0000000003000fb0        0x0
 *(.iwram5)
                0x0000000003000fb0                . = ALIGN (0x4)
                [!provide]                        PROVIDE (__load_start_iwram5, LOADADDR (.iwram5))
                [!provide]                        PROVIDE (__load_stop_iwram5, (LOADADDR (.iwram5) + SIZEOF (.iwram5)))

.iwram6         0x0000000003000fb0        0x0
 *(.iwram6)
                0x0000000003000fb0                . = ALIGN (0x4)
                [!provide]                        PROVIDE (__load_start_iwram6, LOADADDR (.iwram6))
                [!provide]                        PROVIDE (__load_stop_iwram6, (LOADADDR (.iwram6) + SIZEOF (.iwram6)))

.iwram7         0x0000000003000fb0        0x0
 *(.iwram7)
                0x0000000003000fb0                . = ALIGN (0x4)
                [!provide]                        PROVIDE (__load_start_iwram7, LOADADDR (.iwram7))
                [!provide]                        PROVIDE (__load_stop_iwram7, (LOADADDR (.iwram7) + SIZEOF (.iwram7)))

.iwram8         0x0000000003000fb0        0x0
 *(.iwram8)
                0x0000000003000fb0                . = ALIGN (0x4)
                [!provide]                        PROVIDE (__load_start_iwram8, LOADADDR (.iwram8))
                [!provide]                        PROVIDE (__load_stop_iwram8, (LOADADDR (.iwram8) + SIZEOF (.iwram8)))

.iwram9         0x0000000003000fb0        0x0
 *(.iwram9)
                0x0000000003000fb0                . = ALIGN (0x4)
                [!provide]                        PROVIDE (__load_start_iwram9, LOADADDR (.iwram9))
                [!provide]                        PROVIDE (__load_stop_iwram9, (LOADADDR (.iwram9) + SIZEOF (.iwram9)))
                0x0000000002011ba4                __ewram_lma = ((((((((((LOADADDR (.iwram0) + SIZEOF (.iwram0)) + SIZEOF (.iwram1)) + SIZEOF (.iwram2)) + SIZEOF (.iwram3)) + SIZEOF (.iwram4)) + SIZEOF (.iwram5)) + SIZEOF (.iwram6)) + SIZEOF (.iwram7)) + SIZEOF (.iwram8)) + SIZEOF (.iwram9))
                0x0000000002011ba4                __iwram_overlay_end = __ewram_lma
                0x0000000002011ba4                __ewram_start = __ewram_lma

.ewram          0x0000000002011ba4        0x0
 *(.ewram)
                0x0000000002011ba4                . = ALIGN (0x4)
                0x0000000002011ba4                __ewram_end = ABSOLUTE (.)
                0x0000000002011ba4                __ewram_overlay_lma = (__ewram_lma + SIZEOF (.ewram))

.sbss           0x0000000002011ba4     0x1c00
                0x0000000002011ba4                __sbss_start__ = ABSOLUTE (.)
 *(.sbss)
 .sbss          0x0000000002011ba4     0x1c00 /opt/devkitpro/libgba/lib/libgba.a(fade.o)
                0x0000000002011ba4                FadeTable
                0x00000000020133a4                CurrentPalette
                0x00000000020137a4                . = ALIGN (0x4)
                0x00000000020137a4                __sbss_end__ = ABSOLUTE (.)
                0x00000000020137a4                __end__ = ABSOLUTE (.)
                0x00000000020137a4                __eheap_start = ABSOLUTE (.)

.ewram0         0x00000000020137a4        0x0 load address 0x0000000002011ba4
 *(.ewram0)
                0x00000000020137a4                . = ALIGN (0x4)
                [!provide]                        PROVIDE (__load_start_ewram0, LOADADDR (.ewram0))
                [!provide]                        PROVIDE (__load_stop_ewram0, (LOADADDR (.ewram0) + SIZEOF (.ewram0)))

.ewram1         0x00000000020137a4        0x0
 *(.ewram1)
                0x00000000020137a4                . = ALIGN (0x4)
                [!provide]                        PROVIDE (__load_start_ewram1, LOADADDR (.ewram1))
                [!provide]                        PROVIDE (__load_stop_ewram1, (LOADADDR (.ewram1) + SIZEOF (.ewram1)))

.ewram2         0x00000000020137a4        0x0
 *(.ewram2)
                0x00000000020137a4                . = ALIGN (0x4)
                [!provide]                        PROVIDE (__load_start_ewram2, LOADADDR (.ewram2))
                [!provide]                        PROVIDE (__load_stop_ewram2, (LOADADDR (.ewram2) + SIZEOF (.ewram2)))

.ewram3         0x00000000020137a4        0x0
 *(.ewram3)
                0x00000000020137a4                . = ALIGN (0x4)
                [!provide]                        PROVIDE (__load_start_ewram3, LOADADDR (.ewram3))
                [!provide]                        PROVIDE (__load_stop_ewram3, (LOADADDR (.ewram3) + SIZEOF (.ewram3)))

.ewram4         0x00000000020137a4        0x0
 *(.ewram4)
                0x00000000020137a4                . = ALIGN (0x4)
                [!provide]                        PROVIDE (__load_start_ewram4, LOADADDR (.ewram4))
                [!provide]                        PROVIDE (__load_stop_ewram4, (LOADADDR (.ewram4) + SIZEOF (.ewram4)))

.ewram5         0x00000000020137a4        0x0
 *(.ewram5)
                0x00000000020137a4                . = ALIGN (0x4)
                [!provide]                        PROVIDE (__load_start_ewram5, LOADADDR (.ewram5))
                [!provide]                        PROVIDE (__load_stop_ewram5, (LOADADDR (.ewram5) + SIZEOF (.ewram5)))

.ewram6         0x00000000020137a4        0x0
 *(.ewram6)
                0x00000000020137a4                . = ALIGN (0x4)
                [!provide]                        PROVIDE (__load_start_ewram6, LOADADDR (.ewram6))
                [!provide]                        PROVIDE (__load_stop_ewram6, (LOADADDR (.ewram6) + SIZEOF (.ewram6)))

.ewram7         0x00000000020137a4        0x0
 *(.ewram7)
                0x00000000020137a4                . = ALIGN (0x4)
                [!provide]                        PROVIDE (__load_start_ewram7, LOADADDR (.ewram7))
                [!provide]                        PROVIDE (__load_stop_ewram7, (LOADADDR (.ewram7) + SIZEOF (.ewram7)))

.ewram8         0x00000000020137a4        0x0
 *(.ewram8)
                0x00000000020137a4                . = ALIGN (0x4)
                [!provide]                        PROVIDE (__load_start_ewram8, LOADADDR (.ewram8))
                [!provide]                        PROVIDE (__load_stop_ewram8, (LOADADDR (.ewram8) + SIZEOF (.ewram8)))

.ewram9         0x00000000020137a4        0x0
 *(.ewram9)
                0x00000000020137a4                . = ALIGN (0x4)
                [!provide]                        PROVIDE (__load_start_ewram9, LOADADDR (.ewram9))
                [!provide]                        PROVIDE (__load_stop_ewram9, (LOADADDR (.ewram9) + SIZEOF (.ewram9)))
                0x00000000020137a4                __ewram_overlay_end = ABSOLUTE (.)
                0x00000000020137a4                __eheap_start = __ewram_overlay_end
                0x00000000020137a4                _end = __ewram_overlay_end
                0x00000000020137a4                __end__ = __ewram_overlay_end
                0x00000000020137a4                __rom_end__ = __ewram_overlay_end

.stab
 *(.stab)

.stabstr
 *(.stabstr)

.stab.excl
 *(.stab.excl)

.stab.exclstr
 *(.stab.exclstr)

.stab.index
 *(.stab.index)

.stab.indexstr
 *(.stab.indexstr)

.comment        0x0000000000000000       0x44
 *(.comment)
 .comment       0x0000000000000000       0x22 /opt/devkitpro/devkitARM/lib/gcc/arm-none-eabi/7.1.0/thumb/crtbegin.o
                                         0x23 (size before relaxing)
 .comment       0x0000000000000022       0x23 XbooLoad.o
 .comment       0x0000000000000022       0x22 /opt/devkitpro/libgba/lib/libgba.a(input.o)
                                         0x23 (size before relaxing)
 .comment       0x0000000000000044       0x23 /opt/devkitpro/libgba/lib/libgba.a(fade.o)
 .comment       0x0000000000000044       0x23 /opt/devkitpro/libgba/lib/libgba.a(xcomms.o)
 .comment       0x0000000000000044       0x23 /opt/devkitpro/libgba/lib/libgba.a(interrupt.o)
 .comment       0x0000000000000044       0x23 /opt/devkitpro/libgba/lib/libgba.a(pcx.o)
 .comment       0x0000000000000044       0x23 /opt/devkitpro/libgba/lib/libgba.a(xcomms_print.o)
 .comment       0x0000000000000044       0x23 /opt/devkitpro/devkitARM/lib/gcc/arm-none-eabi/7.1.0/../../../../arm-none-eabi/lib/thumb/libg.a(lib_a-init.o)
 .comment       0x0000000000000044       0x23 /opt/devkitpro/devkitARM/lib/gcc/arm-none-eabi/7.1.0/../../../../arm-none-eabi/lib/thumb/libg.a(lib_a-malloc.o)
 .comment       0x0000000000000044       0x23 /opt/devkitpro/devkitARM/lib/gcc/arm-none-eabi/7.1.0/../../../../arm-none-eabi/lib/thumb/libg.a(lib_a-mallocr.o)
 .comment       0x0000000000000044       0x23 /opt/devkitpro/devkitARM/lib/gcc/arm-none-eabi/7.1.0/../../../../arm-none-eabi/lib/thumb/libg.a(lib_a-memcpy-stub.o)
 .comment       0x0000000000000044       0x23 /opt/devkitpro/devkitARM/lib/gcc/arm-none-eabi/7.1.0/../../../../arm-none-eabi/lib/thumb/libg.a(lib_a-memset.o)
 .comment       0x0000000000000044       0x23 /opt/devkitpro/devkitARM/lib/gcc/arm-none-eabi/7.1.0/../../../../arm-none-eabi/lib/thumb/libg.a(lib_a-mlock.o)
 .comment       0x0000000000000044       0x23 /opt/devkitpro/devkitARM/lib/gcc/arm-none-eabi/7.1.0/../../../../arm-none-eabi/lib/thumb/libg.a(lib_a-strlen-stub.o)
 .comment       0x0000000000000044       0x23 /opt/devkitpro/devkitARM/lib/gcc/arm-none-eabi/7.1.0/../../../../arm-none-eabi/lib/thumb/libg.a(lib_a-vsnprintf.o)
 .comment       0x0000000000000044       0x23 /opt/devkitpro/devkitARM/lib/gcc/arm-none-eabi/7.1.0/../../../../arm-none-eabi/lib/thumb/libg.a(lib_a-freer.o)
 .comment       0x0000000000000044       0x23 /opt/devkitpro/devkitARM/lib/gcc/arm-none-eabi/7.1.0/../../../../arm-none-eabi/lib/thumb/libg.a(lib_a-svfprintf.o)
 .comment       0x0000000000000044       0x23 /opt/devkitpro/devkitARM/lib/gcc/arm-none-eabi/7.1.0/../../../../arm-none-eabi/lib/thumb/libg.a(lib_a-wcrtomb.o)
 .comment       0x0000000000000044       0x23 /opt/devkitpro/devkitARM/lib/gcc/arm-none-eabi/7.1.0/../../../../arm-none-eabi/lib/thumb/libg.a(lib_a-wcsrtombs.o)
 .comment       0x0000000000000044       0x23 /opt/devkitpro/devkitARM/lib/gcc/arm-none-eabi/7.1.0/../../../../arm-none-eabi/lib/thumb/libg.a(lib_a-dtoa.o)
 .comment       0x0000000000000044       0x23 /opt/devkitpro/devkitARM/lib/gcc/arm-none-eabi/7.1.0/../../../../arm-none-eabi/lib/thumb/libg.a(lib_a-localeconv.o)
 .comment       0x0000000000000044       0x23 /opt/devkitpro/devkitARM/lib/gcc/arm-none-eabi/7.1.0/../../../../arm-none-eabi/lib/thumb/libg.a(lib_a-locale.o)
 .comment       0x0000000000000044       0x23 /opt/devkitpro/devkitARM/lib/gcc/arm-none-eabi/7.1.0/../../../../arm-none-eabi/lib/thumb/libg.a(lib_a-mbtowc_r.o)
 .comment       0x0000000000000044       0x23 /opt/devkitpro/devkitARM/lib/gcc/arm-none-eabi/7.1.0/../../../../arm-none-eabi/lib/thumb/libg.a(lib_a-memchr-stub.o)
 .comment       0x0000000000000044       0x23 /opt/devkitpro/devkitARM/lib/gcc/arm-none-eabi/7.1.0/../../../../arm-none-eabi/lib/thumb/libg.a(lib_a-mprec.o)
 .comment       0x0000000000000044       0x23 /opt/devkitpro/devkitARM/lib/gcc/arm-none-eabi/7.1.0/../../../../arm-none-eabi/lib/thumb/libg.a(lib_a-s_frexp.o)
 .comment       0x0000000000000044       0x23 /opt/devkitpro/devkitARM/lib/gcc/arm-none-eabi/7.1.0/../../../../arm-none-eabi/lib/thumb/libg.a(lib_a-strncpy.o)
 .comment       0x0000000000000044       0x23 /opt/devkitpro/devkitARM/lib/gcc/arm-none-eabi/7.1.0/../../../../arm-none-eabi/lib/thumb/libg.a(lib_a-svfiprintf.o)
 .comment       0x0000000000000044       0x23 /opt/devkitpro/devkitARM/lib/gcc/arm-none-eabi/7.1.0/../../../../arm-none-eabi/lib/thumb/libg.a(lib_a-wcsnrtombs.o)
 .comment       0x0000000000000044       0x23 /opt/devkitpro/devkitARM/lib/gcc/arm-none-eabi/7.1.0/../../../../arm-none-eabi/lib/thumb/libg.a(lib_a-wctomb_r.o)
 .comment       0x0000000000000044       0x23 /opt/devkitpro/devkitARM/lib/gcc/arm-none-eabi/7.1.0/../../../../arm-none-eabi/lib/thumb/libg.a(lib_a-callocr.o)
 .comment       0x0000000000000044       0x23 /opt/devkitpro/devkitARM/lib/gcc/arm-none-eabi/7.1.0/../../../../arm-none-eabi/lib/thumb/libg.a(lib_a-ctype_.o)
 .comment       0x0000000000000044       0x23 /opt/devkitpro/devkitARM/lib/gcc/arm-none-eabi/7.1.0/../../../../arm-none-eabi/lib/thumb/libg.a(lib_a-memmove.o)
 .comment       0x0000000000000044       0x23 /opt/devkitpro/devkitARM/lib/gcc/arm-none-eabi/7.1.0/../../../../arm-none-eabi/lib/thumb/libg.a(lib_a-reallocr.o)
 .comment       0x0000000000000044       0x23 /opt/devkitpro/devkitARM/lib/gcc/arm-none-eabi/7.1.0/../../../../arm-none-eabi/lib/thumb/libsysbase.a(sbrk.o)
 .comment       0x0000000000000044       0x23 /opt/devkitpro/devkitARM/lib/gcc/arm-none-eabi/7.1.0/../../../../arm-none-eabi/lib/thumb/libsysbase.a(malloc_vars.o)
 .comment       0x0000000000000044       0x23 /opt/devkitpro/devkitARM/lib/gcc/arm-none-eabi/7.1.0/../../../../arm-none-eabi/lib/thumb/libsysbase.a(syscall_support.o)
 .comment       0x0000000000000044       0x23 /opt/devkitpro/devkitARM/lib/gcc/arm-none-eabi/7.1.0/../../../../arm-none-eabi/lib/thumb/libsysbase.a(getreent.o)
 .comment       0x0000000000000044       0x23 /opt/devkitpro/devkitARM/lib/gcc/arm-none-eabi/7.1.0/thumb/libgcc.a(_udivmoddi4.o)
 .comment       0x0000000000000044       0x23 /opt/devkitpro/devkitARM/lib/gcc/arm-none-eabi/7.1.0/../../../../arm-none-eabi/lib/thumb/libg.a(lib_a-impure.o)
 .comment       0x0000000000000044       0x23 /opt/devkitpro/devkitARM/lib/gcc/arm-none-eabi/7.1.0/thumb/crtend.o

.ARM.attributes
                0x0000000000000000       0x2c
 .ARM.attributes
                0x0000000000000000       0x20 /opt/devkitpro/devkitARM/lib/gcc/arm-none-eabi/7.1.0/../../../../arm-none-eabi/lib/thumb/gba_crt0.o
 .ARM.attributes
                0x0000000000000020       0x16 /opt/devkitpro/devkitARM/lib/gcc/arm-none-eabi/7.1.0/thumb/crti.o
 .ARM.attributes
                0x0000000000000036       0x30 /opt/devkitpro/devkitARM/lib/gcc/arm-none-eabi/7.1.0/thumb/crtbegin.o
 .ARM.attributes
                0x0000000000000066       0x2c XbooLoad.o
 .ARM.attributes
                0x0000000000000092       0x30 /opt/devkitpro/libgba/lib/libgba.a(input.o)
 .ARM.attributes
                0x00000000000000c2       0x30 /opt/devkitpro/libgba/lib/libgba.a(fade.o)
 .ARM.attributes
                0x00000000000000f2       0x30 /opt/devkitpro/libgba/lib/libgba.a(xcomms.o)
 .ARM.attributes
                0x0000000000000122       0x30 /opt/devkitpro/libgba/lib/libgba.a(interrupt.o)
 .ARM.attributes
                0x0000000000000152       0x30 /opt/devkitpro/libgba/lib/libgba.a(pcx.o)
 .ARM.attributes
                0x0000000000000182       0x30 /opt/devkitpro/libgba/lib/libgba.a(xcomms_print.o)
 .ARM.attributes
                0x00000000000001b2       0x16 /opt/devkitpro/libgba/lib/libgba.a(InterruptDispatcher.o)
 .ARM.attributes
                0x00000000000001c8       0x18 /opt/devkitpro/devkitARM/lib/gcc/arm-none-eabi/7.1.0/thumb/libgcc.a(_divsi3.o)
 .ARM.attributes
                0x00000000000001e0       0x16 /opt/devkitpro/devkitARM/lib/gcc/arm-none-eabi/7.1.0/thumb/libgcc.a(_dvmd_tls.o)
 .ARM.attributes
                0x00000000000001f6       0x30 /opt/devkitpro/devkitARM/lib/gcc/arm-none-eabi/7.1.0/../../../../arm-none-eabi/lib/thumb/libg.a(lib_a-init.o)
 .ARM.attributes
                0x0000000000000226       0x30 /opt/devkitpro/devkitARM/lib/gcc/arm-none-eabi/7.1.0/../../../../arm-none-eabi/lib/thumb/libg.a(lib_a-malloc.o)
 .ARM.attributes
                0x0000000000000256       0x30 /opt/devkitpro/devkitARM/lib/gcc/arm-none-eabi/7.1.0/../../../../arm-none-eabi/lib/thumb/libg.a(lib_a-mallocr.o)
 .ARM.attributes
                0x0000000000000286       0x30 /opt/devkitpro/devkitARM/lib/gcc/arm-none-eabi/7.1.0/../../../../arm-none-eabi/lib/thumb/libg.a(lib_a-memcpy-stub.o)
 .ARM.attributes
                0x00000000000002b6       0x30 /opt/devkitpro/devkitARM/lib/gcc/arm-none-eabi/7.1.0/../../../../arm-none-eabi/lib/thumb/libg.a(lib_a-memset.o)
 .ARM.attributes
                0x00000000000002e6       0x30 /opt/devkitpro/devkitARM/lib/gcc/arm-none-eabi/7.1.0/../../../../arm-none-eabi/lib/thumb/libg.a(lib_a-mlock.o)
 .ARM.attributes
                0x0000000000000316       0x30 /opt/devkitpro/devkitARM/lib/gcc/arm-none-eabi/7.1.0/../../../../arm-none-eabi/lib/thumb/libg.a(lib_a-strlen-stub.o)
 .ARM.attributes
                0x0000000000000346       0x30 /opt/devkitpro/devkitARM/lib/gcc/arm-none-eabi/7.1.0/../../../../arm-none-eabi/lib/thumb/libg.a(lib_a-vsnprintf.o)
 .ARM.attributes
                0x0000000000000376       0x30 /opt/devkitpro/devkitARM/lib/gcc/arm-none-eabi/7.1.0/../../../../arm-none-eabi/lib/thumb/libg.a(lib_a-freer.o)
 .ARM.attributes
                0x00000000000003a6       0x30 /opt/devkitpro/devkitARM/lib/gcc/arm-none-eabi/7.1.0/../../../../arm-none-eabi/lib/thumb/libg.a(lib_a-svfprintf.o)
 .ARM.attributes
                0x00000000000003d6       0x30 /opt/devkitpro/devkitARM/lib/gcc/arm-none-eabi/7.1.0/../../../../arm-none-eabi/lib/thumb/libg.a(lib_a-wcrtomb.o)
 .ARM.attributes
                0x0000000000000406       0x30 /opt/devkitpro/devkitARM/lib/gcc/arm-none-eabi/7.1.0/../../../../arm-none-eabi/lib/thumb/libg.a(lib_a-wcsrtombs.o)
 .ARM.attributes
                0x0000000000000436       0x30 /opt/devkitpro/devkitARM/lib/gcc/arm-none-eabi/7.1.0/../../../../arm-none-eabi/lib/thumb/libg.a(lib_a-dtoa.o)
 .ARM.attributes
                0x0000000000000466       0x30 /opt/devkitpro/devkitARM/lib/gcc/arm-none-eabi/7.1.0/../../../../arm-none-eabi/lib/thumb/libg.a(lib_a-localeconv.o)
 .ARM.attributes
                0x0000000000000496       0x30 /opt/devkitpro/devkitARM/lib/gcc/arm-none-eabi/7.1.0/../../../../arm-none-eabi/lib/thumb/libg.a(lib_a-locale.o)
 .ARM.attributes
                0x00000000000004c6       0x30 /opt/devkitpro/devkitARM/lib/gcc/arm-none-eabi/7.1.0/../../../../arm-none-eabi/lib/thumb/libg.a(lib_a-mbtowc_r.o)
 .ARM.attributes
                0x00000000000004f6       0x30 /opt/devkitpro/devkitARM/lib/gcc/arm-none-eabi/7.1.0/../../../../arm-none-eabi/lib/thumb/libg.a(lib_a-memchr-stub.o)
 .ARM.attributes
                0x0000000000000526       0x30 /opt/devkitpro/devkitARM/lib/gcc/arm-none-eabi/7.1.0/../../../../arm-none-eabi/lib/thumb/libg.a(lib_a-mprec.o)
 .ARM.attributes
                0x0000000000000556       0x30 /opt/devkitpro/devkitARM/lib/gcc/arm-none-eabi/7.1.0/../../../../arm-none-eabi/lib/thumb/libg.a(lib_a-s_frexp.o)
 .ARM.attributes
                0x0000000000000586       0x30 /opt/devkitpro/devkitARM/lib/gcc/arm-none-eabi/7.1.0/../../../../arm-none-eabi/lib/thumb/libg.a(lib_a-strncpy.o)
 .ARM.attributes
                0x00000000000005b6       0x30 /opt/devkitpro/devkitARM/lib/gcc/arm-none-eabi/7.1.0/../../../../arm-none-eabi/lib/thumb/libg.a(lib_a-svfiprintf.o)
 .ARM.attributes
                0x00000000000005e6       0x30 /opt/devkitpro/devkitARM/lib/gcc/arm-none-eabi/7.1.0/../../../../arm-none-eabi/lib/thumb/libg.a(lib_a-wcsnrtombs.o)
 .ARM.attributes
                0x0000000000000616       0x30 /opt/devkitpro/devkitARM/lib/gcc/arm-none-eabi/7.1.0/../../../../arm-none-eabi/lib/thumb/libg.a(lib_a-wctomb_r.o)
 .ARM.attributes
                0x0000000000000646       0x30 /opt/devkitpro/devkitARM/lib/gcc/arm-none-eabi/7.1.0/../../../../arm-none-eabi/lib/thumb/libg.a(lib_a-callocr.o)
 .ARM.attributes
                0x0000000000000676       0x30 /opt/devkitpro/devkitARM/lib/gcc/arm-none-eabi/7.1.0/../../../../arm-none-eabi/lib/thumb/libg.a(lib_a-ctype_.o)
 .ARM.attributes
                0x00000000000006a6       0x30 /opt/devkitpro/devkitARM/lib/gcc/arm-none-eabi/7.1.0/../../../../arm-none-eabi/lib/thumb/libg.a(lib_a-memmove.o)
 .ARM.attributes
                0x00000000000006d6       0x30 /opt/devkitpro/devkitARM/lib/gcc/arm-none-eabi/7.1.0/../../../../arm-none-eabi/lib/thumb/libg.a(lib_a-reallocr.o)
 .ARM.attributes
                0x0000000000000706       0x30 /opt/devkitpro/devkitARM/lib/gcc/arm-none-eabi/7.1.0/../../../../arm-none-eabi/lib/thumb/libsysbase.a(sbrk.o)
 .ARM.attributes
                0x0000000000000736       0x30 /opt/devkitpro/devkitARM/lib/gcc/arm-none-eabi/7.1.0/../../../../arm-none-eabi/lib/thumb/libsysbase.a(malloc_vars.o)
 .ARM.attributes
                0x0000000000000766       0x30 /opt/devkitpro/devkitARM/lib/gcc/arm-none-eabi/7.1.0/../../../../arm-none-eabi/lib/thumb/libsysbase.a(syscall_support.o)
 .ARM.attributes
                0x0000000000000796       0x30 /opt/devkitpro/devkitARM/lib/gcc/arm-none-eabi/7.1.0/../../../../arm-none-eabi/lib/thumb/libsysbase.a(getreent.o)
 .ARM.attributes
                0x00000000000007c6       0x18 /opt/devkitpro/devkitARM/lib/gcc/arm-none-eabi/7.1.0/thumb/libgcc.a(_udivsi3.o)
 .ARM.attributes
                0x00000000000007de       0x18 /opt/devkitpro/devkitARM/lib/gcc/arm-none-eabi/7.1.0/thumb/libgcc.a(_arm_addsubdf3.o)
 .ARM.attributes
                0x00000000000007f6       0x18 /opt/devkitpro/devkitARM/lib/gcc/arm-none-eabi/7.1.0/thumb/libgcc.a(_arm_muldivdf3.o)
 .ARM.attributes
                0x000000000000080e       0x18 /opt/devkitpro/devkitARM/lib/gcc/arm-none-eabi/7.1.0/thumb/libgcc.a(_arm_cmpdf2.o)
 .ARM.attributes
                0x0000000000000826       0x18 /opt/devkitpro/devkitARM/lib/gcc/arm-none-eabi/7.1.0/thumb/libgcc.a(_arm_unorddf2.o)
 .ARM.attributes
                0x000000000000083e       0x18 /opt/devkitpro/devkitARM/lib/gcc/arm-none-eabi/7.1.0/thumb/libgcc.a(_arm_fixdfsi.o)
 .ARM.attributes
                0x0000000000000856       0x18 /opt/devkitpro/devkitARM/lib/gcc/arm-none-eabi/7.1.0/thumb/libgcc.a(_aeabi_uldivmod.o)
 .ARM.attributes
                0x000000000000086e       0x30 /opt/devkitpro/devkitARM/lib/gcc/arm-none-eabi/7.1.0/thumb/libgcc.a(_udivmoddi4.o)
 .ARM.attributes
                0x000000000000089e       0x18 /opt/devkitpro/devkitARM/lib/gcc/arm-none-eabi/7.1.0/thumb/libgcc.a(_clzdi2.o)
 .ARM.attributes
                0x00000000000008b6       0x18 /opt/devkitpro/devkitARM/lib/gcc/arm-none-eabi/7.1.0/thumb/libgcc.a(_clzsi2.o)
 .ARM.attributes
                0x00000000000008ce       0x30 /opt/devkitpro/devkitARM/lib/gcc/arm-none-eabi/7.1.0/../../../../arm-none-eabi/lib/thumb/libg.a(lib_a-impure.o)
 .ARM.attributes
                0x00000000000008fe       0x30 /opt/devkitpro/devkitARM/lib/gcc/arm-none-eabi/7.1.0/thumb/crtend.o
 .ARM.attributes
                0x000000000000092e       0x16 /opt/devkitpro/devkitARM/lib/gcc/arm-none-eabi/7.1.0/thumb/crtn.o

.debug
 *(.debug)

.line
 *(.line)

.debug_srcinfo
 *(.debug_srcinfo)

.debug_sfnames
 *(.debug_sfnames)

.debug_aranges  0x0000000000000000      0x108
 *(.debug_aranges)
 .debug_aranges
                0x0000000000000000       0x28 XbooLoad.o
 .debug_aranges
                0x0000000000000028       0x20 /opt/devkitpro/libgba/lib/libgba.a(input.o)
 .debug_aranges
                0x0000000000000048       0x20 /opt/devkitpro/libgba/lib/libgba.a(fade.o)
 .debug_aranges
                0x0000000000000068       0x20 /opt/devkitpro/libgba/lib/libgba.a(xcomms.o)
 .debug_aranges
                0x0000000000000088       0x20 /opt/devkitpro/libgba/lib/libgba.a(interrupt.o)
 .debug_aranges
                0x00000000000000a8       0x20 /opt/devkitpro/libgba/lib/libgba.a(pcx.o)
 .debug_aranges
                0x00000000000000c8       0x20 /opt/devkitpro/libgba/lib/libgba.a(xcomms_print.o)
 .debug_aranges
                0x00000000000000e8       0x20 /opt/devkitpro/libgba/lib/libgba.a(InterruptDispatcher.o)

.debug_pubnames
 *(.debug_pubnames)

.debug_info     0x0000000000000000     0x3baa
 *(.debug_info)
 .debug_info    0x0000000000000000      0xff9 XbooLoad.o
 .debug_info    0x0000000000000ff9      0x234 /opt/devkitpro/libgba/lib/libgba.a(input.o)
 .debug_info    0x000000000000122d      0x53f /opt/devkitpro/libgba/lib/libgba.a(fade.o)
 .debug_info    0x000000000000176c     0x127c /opt/devkitpro/libgba/lib/libgba.a(xcomms.o)
 .debug_info    0x00000000000029e8      0x3a6 /opt/devkitpro/libgba/lib/libgba.a(interrupt.o)
 .debug_info    0x0000000000002d8e      0x346 /opt/devkitpro/libgba/lib/libgba.a(pcx.o)
 .debug_info    0x00000000000030d4      0xa36 /opt/devkitpro/libgba/lib/libgba.a(xcomms_print.o)
 .debug_info    0x0000000000003b0a       0xa0 /opt/devkitpro/libgba/lib/libgba.a(InterruptDispatcher.o)

.debug_abbrev   0x0000000000000000      0xeab
 *(.debug_abbrev)
 .debug_abbrev  0x0000000000000000      0x322 XbooLoad.o
 .debug_abbrev  0x0000000000000322      0x118 /opt/devkitpro/libgba/lib/libgba.a(input.o)
 .debug_abbrev  0x000000000000043a      0x197 /opt/devkitpro/libgba/lib/libgba.a(fade.o)
 .debug_abbrev  0x00000000000005d1      0x393 /opt/devkitpro/libgba/lib/libgba.a(xcomms.o)
 .debug_abbrev  0x0000000000000964      0x1cf /opt/devkitpro/libgba/lib/libgba.a(interrupt.o)
 .debug_abbrev  0x0000000000000b33      0x11a /opt/devkitpro/libgba/lib/libgba.a(pcx.o)
 .debug_abbrev  0x0000000000000c4d      0x24a /opt/devkitpro/libgba/lib/libgba.a(xcomms_print.o)
 .debug_abbrev  0x0000000000000e97       0x14 /opt/devkitpro/libgba/lib/libgba.a(InterruptDispatcher.o)

.debug_line     0x0000000000000000     0x11fb
 *(.debug_line)
 .debug_line    0x0000000000000000      0x2a6 XbooLoad.o
 .debug_line    0x00000000000002a6      0x187 /opt/devkitpro/libgba/lib/libgba.a(input.o)
 .debug_line    0x000000000000042d      0x319 /opt/devkitpro/libgba/lib/libgba.a(fade.o)
 .debug_line    0x0000000000000746      0x42a /opt/devkitpro/libgba/lib/libgba.a(xcomms.o)
 .debug_line    0x0000000000000b70      0x1ec /opt/devkitpro/libgba/lib/libgba.a(interrupt.o)
 .debug_line    0x0000000000000d5c      0x1e2 /opt/devkitpro/libgba/lib/libgba.a(pcx.o)
 .debug_line    0x0000000000000f3e      0x218 /opt/devkitpro/libgba/lib/libgba.a(xcomms_print.o)
 .debug_line    0x0000000000001156       0xa5 /opt/devkitpro/libgba/lib/libgba.a(InterruptDispatcher.o)

.debug_frame    0x0000000000000000      0x420
 *(.debug_frame)
 .debug_frame   0x0000000000000000       0x58 XbooLoad.o
 .debug_frame   0x0000000000000058       0x80 /opt/devkitpro/libgba/lib/libgba.a(input.o)
 .debug_frame   0x00000000000000d8       0x78 /opt/devkitpro/libgba/lib/libgba.a(fade.o)
 .debug_frame   0x0000000000000150      0x1b4 /opt/devkitpro/libgba/lib/libgba.a(xcomms.o)
 .debug_frame   0x0000000000000304       0xb0 /opt/devkitpro/libgba/lib/libgba.a(interrupt.o)
 .debug_frame   0x00000000000003b4       0x3c /opt/devkitpro/libgba/lib/libgba.a(pcx.o)
 .debug_frame   0x00000000000003f0       0x30 /opt/devkitpro/libgba/lib/libgba.a(xcomms_print.o)

.debug_str      0x0000000000000000      0xdc2
 *(.debug_str)
 .debug_str     0x0000000000000000      0x8b2 XbooLoad.o
                                        0x936 (size before relaxing)
 .debug_str     0x00000000000008b2       0xe3 /opt/devkitpro/libgba/lib/libgba.a(input.o)
                                        0x1b1 (size before relaxing)
 .debug_str     0x0000000000000995       0xb4 /opt/devkitpro/libgba/lib/libgba.a(fade.o)
                                        0x1e7 (size before relaxing)
 .debug_str     0x0000000000000a49       0xf9 /opt/devkitpro/libgba/lib/libgba.a(xcomms.o)
                                        0x6b2 (size before relaxing)
 .debug_str     0x0000000000000b42       0xf2 /opt/devkitpro/libgba/lib/libgba.a(interrupt.o)
                                        0x2af (size before relaxing)
 .debug_str     0x0000000000000c34       0xea /opt/devkitpro/libgba/lib/libgba.a(pcx.o)
                                        0x202 (size before relaxing)
 .debug_str     0x0000000000000d1e       0xa4 /opt/devkitpro/libgba/lib/libgba.a(xcomms_print.o)
                                        0x5f2 (size before relaxing)

.debug_loc      0x0000000000000000     0x1896
 *(.debug_loc)
 .debug_loc     0x0000000000000000       0xb8 XbooLoad.o
 .debug_loc     0x00000000000000b8       0x27 /opt/devkitpro/libgba/lib/libgba.a(input.o)
 .debug_loc     0x00000000000000df      0x6d9 /opt/devkitpro/libgba/lib/libgba.a(fade.o)
 .debug_loc     0x00000000000007b8      0x72a /opt/devkitpro/libgba/lib/libgba.a(xcomms.o)
 .debug_loc     0x0000000000000ee2      0x3a6 /opt/devkitpro/libgba/lib/libgba.a(interrupt.o)
 .debug_loc     0x0000000000001288      0x5a4 /opt/devkitpro/libgba/lib/libgba.a(pcx.o)
 .debug_loc     0x000000000000182c       0x6a /opt/devkitpro/libgba/lib/libgba.a(xcomms_print.o)

.debug_macinfo
 *(.debug_macinfo)

.debug_weaknames
 *(.debug_weaknames)

.debug_funcnames
 *(.debug_funcnames)

.debug_typenames
 *(.debug_typenames)

.debug_varnames
 *(.debug_varnames)

.stack          0x0000000000080000        0x0
                0x0000000000080000                _stack = .
 *(.stack)
LOAD /opt/devkitpro/devkitARM/lib/gcc/arm-none-eabi/7.1.0/../../../../arm-none-eabi/lib/thumb/gba_crt0.o
LOAD /opt/devkitpro/devkitARM/lib/gcc/arm-none-eabi/7.1.0/thumb/crti.o
LOAD /opt/devkitpro/devkitARM/lib/gcc/arm-none-eabi/7.1.0/thumb/crtbegin.o
LOAD XbooLoad.o
LOAD /opt/devkitpro/libgba/lib/libgba.a
START GROUP
LOAD /opt/devkitpro/devkitARM/lib/gcc/arm-none-eabi/7.1.0/thumb/libgcc.a
LOAD /opt/devkitpro/devkitARM/lib/gcc/arm-none-eabi/7.1.0/../../../../arm-none-eabi/lib/thumb/libg.a
LOAD /opt/devkitpro/devkitARM/lib/gcc/arm-none-eabi/7.1.0/../../../../arm-none-eabi/lib/thumb/libc.a
LOAD /opt/devkitpro/devkitARM/lib/gcc/arm-none-eabi/7.1.0/../../../../arm-none-eabi/lib/thumb/libsysbase.a
END GROUP
LOAD /opt/devkitpro/devkitARM/lib/gcc/arm-none-eabi/7.1.0/thumb/crtend.o
LOAD /opt/devkitpro/devkitARM/lib/gcc/arm-none-eabi/7.1.0/thumb/crtn.o
OUTPUT(/opt/devkitpro/examples/gba/xboo/XbooLoad/XbooLoad_mb.elf elf32-littlearm)

.debug_ranges   0x0000000000000000      0x340
 .debug_ranges  0x0000000000000000       0x48 XbooLoad.o
 .debug_ranges  0x0000000000000048       0xa8 /opt/devkitpro/libgba/lib/libgba.a(fade.o)
 .debug_ranges  0x00000000000000f0      0x1f0 /opt/devkitpro/libgba/lib/libgba.a(xcomms.o)
 .debug_ranges  0x00000000000002e0       0x48 /opt/devkitpro/libgba/lib/libgba.a(interrupt.o)
 .debug_ranges  0x0000000000000328       0x18 /opt/devkitpro/libgba/lib/libgba.a(pcx.o)
